Archive member included to satisfy reference by file (symbol)

c:/users/lenovo/downloads/mingw/bin/../lib/gcc/x86_64-w64-mingw32/11.2.0/../../../../x86_64-w64-mingw32/lib/../lib/libmingw32.a(lib64_libmingw32_a-gccmain.o)
                              c:/users/lenovo/downloads/mingw/bin/../lib/gcc/x86_64-w64-mingw32/11.2.0/../../../../x86_64-w64-mingw32/lib/../lib/crt2.o (__main)
c:/users/lenovo/downloads/mingw/bin/../lib/gcc/x86_64-w64-mingw32/11.2.0/../../../../x86_64-w64-mingw32/lib/../lib/libmingw32.a(lib64_libmingw32_a-natstart.o)
                              c:/users/lenovo/downloads/mingw/bin/../lib/gcc/x86_64-w64-mingw32/11.2.0/../../../../x86_64-w64-mingw32/lib/../lib/crt2.o (__native_startup_lock)
c:/users/lenovo/downloads/mingw/bin/../lib/gcc/x86_64-w64-mingw32/11.2.0/../../../../x86_64-w64-mingw32/lib/../lib/libmingw32.a(lib64_libmingw32_a-wildcard.o)
                              c:/users/lenovo/downloads/mingw/bin/../lib/gcc/x86_64-w64-mingw32/11.2.0/../../../../x86_64-w64-mingw32/lib/../lib/crt2.o (_dowildcard)
c:/users/lenovo/downloads/mingw/bin/../lib/gcc/x86_64-w64-mingw32/11.2.0/../../../../x86_64-w64-mingw32/lib/../lib/libmingw32.a(lib64_libmingw32_a-charmax.o)
                              c:/users/lenovo/downloads/mingw/bin/../lib/gcc/x86_64-w64-mingw32/11.2.0/../../../../x86_64-w64-mingw32/lib/../lib/crt2.o (mingw_initcharmax)
c:/users/lenovo/downloads/mingw/bin/../lib/gcc/x86_64-w64-mingw32/11.2.0/../../../../x86_64-w64-mingw32/lib/../lib/libmingw32.a(lib64_libmingw32_a-dllargv.o)
                              c:/users/lenovo/downloads/mingw/bin/../lib/gcc/x86_64-w64-mingw32/11.2.0/../../../../x86_64-w64-mingw32/lib/../lib/crt2.o (_setargv)
c:/users/lenovo/downloads/mingw/bin/../lib/gcc/x86_64-w64-mingw32/11.2.0/../../../../x86_64-w64-mingw32/lib/../lib/libmingw32.a(lib64_libmingw32_a-_newmode.o)
                              c:/users/lenovo/downloads/mingw/bin/../lib/gcc/x86_64-w64-mingw32/11.2.0/../../../../x86_64-w64-mingw32/lib/../lib/crt2.o (_newmode)
c:/users/lenovo/downloads/mingw/bin/../lib/gcc/x86_64-w64-mingw32/11.2.0/../../../../x86_64-w64-mingw32/lib/../lib/libmingw32.a(lib64_libmingw32_a-tlssup.o)
                              c:/users/lenovo/downloads/mingw/bin/../lib/gcc/x86_64-w64-mingw32/11.2.0/../../../../x86_64-w64-mingw32/lib/../lib/crt2.o (mingw_initltssuo_force)
c:/users/lenovo/downloads/mingw/bin/../lib/gcc/x86_64-w64-mingw32/11.2.0/../../../../x86_64-w64-mingw32/lib/../lib/libmingw32.a(lib64_libmingw32_a-xncommod.o)
                              c:/users/lenovo/downloads/mingw/bin/../lib/gcc/x86_64-w64-mingw32/11.2.0/../../../../x86_64-w64-mingw32/lib/../lib/crt2.o (_commode)
c:/users/lenovo/downloads/mingw/bin/../lib/gcc/x86_64-w64-mingw32/11.2.0/../../../../x86_64-w64-mingw32/lib/../lib/libmingw32.a(lib64_libmingw32_a-cinitexe.o)
                              c:/users/lenovo/downloads/mingw/bin/../lib/gcc/x86_64-w64-mingw32/11.2.0/../../../../x86_64-w64-mingw32/lib/../lib/crt2.o (__xc_z)
c:/users/lenovo/downloads/mingw/bin/../lib/gcc/x86_64-w64-mingw32/11.2.0/../../../../x86_64-w64-mingw32/lib/../lib/libmingw32.a(lib64_libmingw32_a-merr.o)
                              c:/users/lenovo/downloads/mingw/bin/../lib/gcc/x86_64-w64-mingw32/11.2.0/../../../../x86_64-w64-mingw32/lib/../lib/crt2.o (_matherr)
c:/users/lenovo/downloads/mingw/bin/../lib/gcc/x86_64-w64-mingw32/11.2.0/../../../../x86_64-w64-mingw32/lib/../lib/libmingw32.a(lib64_libmingw32_a-CRT_fp10.o)
                              c:/users/lenovo/downloads/mingw/bin/../lib/gcc/x86_64-w64-mingw32/11.2.0/../../../../x86_64-w64-mingw32/lib/../lib/crt2.o (_fpreset)
c:/users/lenovo/downloads/mingw/bin/../lib/gcc/x86_64-w64-mingw32/11.2.0/../../../../x86_64-w64-mingw32/lib/../lib/libmingw32.a(lib64_libmingw32_a-mingw_helpers.o)
                              c:/users/lenovo/downloads/mingw/bin/../lib/gcc/x86_64-w64-mingw32/11.2.0/../../../../x86_64-w64-mingw32/lib/../lib/crt2.o (mingw_app_type)
c:/users/lenovo/downloads/mingw/bin/../lib/gcc/x86_64-w64-mingw32/11.2.0/../../../../x86_64-w64-mingw32/lib/../lib/libmingw32.a(lib64_libmingw32_a-pseudo-reloc.o)
                              c:/users/lenovo/downloads/mingw/bin/../lib/gcc/x86_64-w64-mingw32/11.2.0/../../../../x86_64-w64-mingw32/lib/../lib/crt2.o (_pei386_runtime_relocator)
c:/users/lenovo/downloads/mingw/bin/../lib/gcc/x86_64-w64-mingw32/11.2.0/../../../../x86_64-w64-mingw32/lib/../lib/libmingw32.a(lib64_libmingw32_a-usermatherr.o)
                              c:/users/lenovo/downloads/mingw/bin/../lib/gcc/x86_64-w64-mingw32/11.2.0/../../../../x86_64-w64-mingw32/lib/../lib/crt2.o (__mingw_setusermatherr)
c:/users/lenovo/downloads/mingw/bin/../lib/gcc/x86_64-w64-mingw32/11.2.0/../../../../x86_64-w64-mingw32/lib/../lib/libmingw32.a(lib64_libmingw32_a-xtxtmode.o)
                              c:/users/lenovo/downloads/mingw/bin/../lib/gcc/x86_64-w64-mingw32/11.2.0/../../../../x86_64-w64-mingw32/lib/../lib/crt2.o (_fmode)
[...]
Memory Configuration

Name             Origin             Length             Attributes
*default*        0x0000000000000000 0xffffffffffffffff

Linker script and memory map

                0x0000000140000000                __image_base__ = 0x140000000
                0x0000000000000000                __dll__ = 0x0
                0x0000000140000000                __ImageBase = 0x140000000
                0x0000000000001000                __section_alignment__ = 0x1000
                0x0000000000000200                __file_alignment__ = 0x200
                0x0000000000000004                __major_os_version__ = 0x4
                0x0000000000000000                __minor_os_version__ = 0x0
                0x0000000000000000                __major_image_version__ = 0x0
                0x0000000000000000                __minor_image_version__ = 0x0
                0x0000000000000005                __major_subsystem_version__ = 0x5
                0x0000000000000002                __minor_subsystem_version__ = 0x2
                0x0000000000000003                __subsystem__ = 0x3
                0x0000000000200000                __size_of_stack_reserve__ = 0x200000
                0x0000000000001000                __size_of_stack_commit__ = 0x1000
                0x0000000000100000                __size_of_heap_reserve__ = 0x100000
                0x0000000000001000                __size_of_heap_commit__ = 0x1000
                0x0000000000000000                __loader_flags__ = 0x0
                0x0000000000000160                __dll_characteristics__ = 0x160
LOAD c:/users/lenovo/downloads/mingw/bin/../lib/gcc/x86_64-w64-mingw32/11.2.0/../../../../x86_64-w64-mingw32/lib/../lib/crt2.o
LOAD c:/users/lenovo/downloads/mingw/bin/../lib/gcc/x86_64-w64-mingw32/11.2.0/crtbegin.o
LOAD main.o
LOAD memory.o
LOAD c:/users/lenovo/downloads/mingw/bin/../lib/gcc/x86_64-w64-mingw32/11.2.0/../../../../x86_64-w64-mingw32/lib/../lib/libmingw32.a
LOAD c:/users/lenovo/downloads/mingw/bin/../lib/gcc/x86_64-w64-mingw32/11.2.0/libgcc.a
LOAD c:/users/lenovo/downloads/mingw/bin/../lib/gcc/x86_64-w64-mingw32/11.2.0/../../../../x86_64-w64-mingw32/lib/../lib/libmoldname.a
LOAD c:/users/lenovo/downloads/mingw/bin/../lib/gcc/x86_64-w64-mingw32/11.2.0/../../../../x86_64-w64-mingw32/lib/../lib/libmingwex.a
LOAD c:/users/lenovo/downloads/mingw/bin/../lib/gcc/x86_64-w64-mingw32/11.2.0/../../../../x86_64-w64-mingw32/lib/../lib/libmsvcrt.a
LOAD c:/users/lenovo/downloads/mingw/bin/../lib/gcc/x86_64-w64-mingw32/11.2.0/../../../../x86_64-w64-mingw32/lib/../lib/libkernel32.a
LOAD c:/users/lenovo/downloads/mingw/bin/../lib/gcc/x86_64-w64-mingw32/11.2.0/../../../../x86_64-w64-mingw32/lib/../lib/libpthread.a
LOAD c:/users/lenovo/downloads/mingw/bin/../lib/gcc/x86_64-w64-mingw32/11.2.0/../../../../x86_64-w64-mingw32/lib/../lib/libadvapi32.a
LOAD c:/users/lenovo/downloads/mingw/bin/../lib/gcc/x86_64-w64-mingw32/11.2.0/../../../../x86_64-w64-mingw32/lib/../lib/libshell32.a
LOAD c:/users/lenovo/downloads/mingw/bin/../lib/gcc/x86_64-w64-mingw32/11.2.0/../../../../x86_64-w64-mingw32/lib/../lib/libuser32.a
LOAD c:/users/lenovo/downloads/mingw/bin/../lib/gcc/x86_64-w64-mingw32/11.2.0/../../../../x86_64-w64-mingw32/lib/../lib/libkernel32.a
LOAD c:/users/lenovo/downloads/mingw/bin/../lib/gcc/x86_64-w64-mingw32/11.2.0/../../../../x86_64-w64-mingw32/lib/../lib/libmingw32.a
LOAD c:/users/lenovo/downloads/mingw/bin/../lib/gcc/x86_64-w64-mingw32/11.2.0/libgcc.a
LOAD c:/users/lenovo/downloads/mingw/bin/../lib/gcc/x86_64-w64-mingw32/11.2.0/../../../../x86_64-w64-mingw32/lib/../lib/libmoldname.a
LOAD c:/users/lenovo/downloads/mingw/bin/../lib/gcc/x86_64-w64-mingw32/11.2.0/../../../../x86_64-w64-mingw32/lib/../lib/libmingwex.a
LOAD c:/users/lenovo/downloads/mingw/bin/../lib/gcc/x86_64-w64-mingw32/11.2.0/../../../../x86_64-w64-mingw32/lib/../lib/libmsvcrt.a
LOAD c:/users/lenovo/downloads/mingw/bin/../lib/gcc/x86_64-w64-mingw32/11.2.0/../../../../x86_64-w64-mingw32/lib/../lib/libkernel32.a
LOAD c:/users/lenovo/downloads/mingw/bin/../lib/gcc/x86_64-w64-mingw32/11.2.0/crtend.o
                0x0000000000000480                . = SIZEOF_HEADERS
                0x0000000000001000                . = ALIGN (__section_alignment__)

.text           0x0000000140001000     0x7000
 *(SORT_NONE(.init))
 *(.text)
 .text          0x0000000140001000      0x520 c:/users/lenovo/downloads/mingw/bin/../lib/gcc/x86_64-w64-mingw32/11.2.0/../../../../x86_64-w64-mingw32/lib/../lib/crt2.o
                0x00000001400014c0                WinMainCRTStartup
                0x00000001400014e0                mainCRTStartup
                0x0000000140001500                atexit
 .text          0x0000000140001520       0x20 c:/users/lenovo/downloads/mingw/bin/../lib/gcc/x86_64-w64-mingw32/11.2.0/crtbegin.o
                0x0000000140001520                __gcc_register_frame
                0x0000000140001530                __gcc_deregister_frame
 .text          0x0000000140001540      0x1f0 main.o
                0x0000000140001591                main
 .text          0x0000000140001730       0xe0 memory.o
                0x0000000140001730                set_value
                0x0000000140001754                clear_value
                0x000000014000177e                get_value
                0x0000000140001798                set_all
                0x00000001400017df                clear_all
 .text          0x0000000140001810       0xd0 c:/users/lenovo/downloads/mingw/bin/../lib/gcc/x86_64-w64-mingw32/11.2.0/../../../../x86_64-w64-mingw32/lib/../lib/libmingw32.a(lib64_libmingw32_a-gccmain.o)
                0x0000000140001810                __do_global_dtors
                0x0000000140001850                __do_global_ctors
                0x00000001400018c0                __main
 .text          0x00000001400018e0        0x0 c:/users/lenovo/downloads/mingw/bin/../lib/gcc/x86_64-w64-mingw32/11.2.0/../../../../x86_64-w64-mingw32/lib/../lib/libmingw32.a(lib64_libmingw32_a-natstart.o)
 .text          0x00000001400018e0        0x0 c:/users/lenovo/downloads/mingw/bin/../lib/gcc/x86_64-w64-mingw32/11.2.0/../../../../x86_64-w64-mingw32/lib/../lib/libmingw32.a(lib64_libmingw32_a-wildcard.o)
 .text          0x00000001400018e0       0x10 c:/users/lenovo/downloads/mingw/bin/../lib/gcc/x86_64-w64-mingw32/11.2.0/../../../../x86_64-w64-mingw32/lib/../lib/libmingw32.a(lib64_libmingw32_a-charmax.o)
 .text          0x00000001400018f0       0x10 c:/users/lenovo/downloads/mingw/bin/../lib/gcc/x86_64-w64-mingw32/11.2.0/../../../../x86_64-w64-mingw32/lib/../lib/libmingw32.a(lib64_libmingw32_a-dllargv.o)
                0x00000001400018f0                _setargv
 .text          0x0000000140001900        0x0 c:/users/lenovo/downloads/mingw/bin/../lib/gcc/x86_64-w64-mingw32/11.2.0/../../../../x86_64-w64-mingw32/lib/../lib/libmingw32.a(lib64_libmingw32_a-_newmode.o)
 .text          0x0000000140001900       0xd0 c:/users/lenovo/downloads/mingw/bin/../lib/gcc/x86_64-w64-mingw32/11.2.0/../../../../x86_64-w64-mingw32/lib/../lib/libmingw32.a(lib64_libmingw32_a-tlssup.o)
                0x0000000140001930                __dyn_tls_init
                0x00000001400019c0                __tlregdtor
 .text          0x00000001400019d0        0x0 c:/users/lenovo/downloads/mingw/bin/../lib/gcc/x86_64-w64-mingw32/11.2.0/../../../../x86_64-w64-mingw32/lib/../lib/libmingw32.a(lib64_libmingw32_a-xncommod.o)
 .text          0x00000001400019d0        0x0 c:/users/lenovo/downloads/mingw/bin/../lib/gcc/x86_64-w64-mingw32/11.2.0/../../../../x86_64-w64-mingw32/lib/../lib/libmingw32.a(lib64_libmingw32_a-cinitexe.o)
 .text          0x00000001400019d0      0x100 c:/users/lenovo/downloads/mingw/bin/../lib/gcc/x86_64-w64-mingw32/11.2.0/../../../../x86_64-w64-mingw32/lib/../lib/libmingw32.a(lib64_libmingw32_a-merr.o)
                0x00000001400019d0                _matherr
 .text          0x0000000140001ad0       0x10 c:/users/lenovo/downloads/mingw/bin/../lib/gcc/x86_64-w64-mingw32/11.2.0/../../../../x86_64-w64-mingw32/lib/../lib/libmingw32.a(lib64_libmingw32_a-CRT_fp10.o)
                0x0000000140001ad0                fpreset
                0x0000000140001ad0                _fpreset
 .text          0x0000000140001ae0        0x0 c:/users/lenovo/downloads/mingw/bin/../lib/gcc/x86_64-w64-mingw32/11.2.0/../../../../x86_64-w64-mingw32/lib/../lib/libmingw32.a(lib64_libmingw32_a-mingw_helpers.o)
 .text          0x0000000140001ae0      0x470 c:/users/lenovo/downloads/mingw/bin/../lib/gcc/x86_64-w64-mingw32/11.2.0/../../../../x86_64-w64-mingw32/lib/../lib/libmingw32.a(lib64_libmingw32_a-pseudo-reloc.o)
                0x0000000140001cc0                _pei386_runtime_relocator
 .text          0x0000000140001f50       0x60 c:/users/lenovo/downloads/mingw/bin/../lib/gcc/x86_64-w64-mingw32/11.2.0/../../../../x86_64-w64-mingw32/lib/../lib/libmingw32.a(lib64_libmingw32_a-usermatherr.o)
                0x0000000140001f50                __mingw_raise_matherr
                0x0000000140001fa0                __mingw_setusermatherr
 .text          0x0000000140001fb0        0x0 c:/users/lenovo/downloads/mingw/bin/../lib/gcc/x86_64-w64-mingw32/11.2.0/../../../../x86_64-w64-mingw32/lib/../lib/libmingw32.a(lib64_libmingw32_a-xtxtmode.o)
 .text          0x0000000140001fb0      0x1c0 c:/users/lenovo/downloads/mingw/bin/../lib/gcc/x86_64-w64-mingw32/11.2.0/../../../../x86_64-w64-mingw32/lib/../lib/libmingw32.a(lib64_libmingw32_a-crt_handler.o)
                0x0000000140001fb0                _gnu_exception_handler
 .text          0x0000000140002170      0x290 c:/users/lenovo/downloads/mingw/bin/../lib/gcc/x86_64-w64-mingw32/11.2.0/../../../../x86_64-w64-mingw32/lib/../lib/libmingw32.a(lib64_libmingw32_a-tlsthrd.o)
                0x00000001400021f0                ___w64_mingwthr_add_key_dtor
                0x0000000140002280                ___w64_mingwthr_remove_key_dtor
                0x0000000140002310                __mingw_TLScallback
 .text          0x0000000140002400        0x0 c:/users/lenovo/downloads/mingw/bin/../lib/gcc/x86_64-w64-mingw32/11.2.0/../../../../x86_64-w64-mingw32/lib/../lib/libmingw32.a(lib64_libmingw32_a-tlsmcrt.o)
 .text          0x0000000140002400        0x0 c:/users/lenovo/downloads/mingw/bin/../lib/gcc/x86_64-w64-mingw32/11.2.0/../../../../x86_64-w64-mingw32/lib/../lib/libmingw32.a(lib64_libmingw32_a-pseudo-reloc-list.o)
 .text          0x0000000140002400      0x3e0 c:/users/lenovo/downloads/mingw/bin/../lib/gcc/x86_64-w64-mingw32/11.2.0/../../../../x86_64-w64-mingw32/lib/../lib/libmingw32.a(lib64_libmingw32_a-pesect.o)
                0x0000000140002400                _ValidateImageBase
                0x0000000140002430                _FindPESection
                0x0000000140002480                _FindPESectionByName
                0x0000000140002520                __mingw_GetSectionForAddress
                0x00000001400025a0                __mingw_GetSectionCount
                0x00000001400025e0                _FindPESectionExec
                0x0000000140002650                _GetPEImageBase
                0x0000000140002690                _IsNonwritableInCurrentImage
                0x0000000140002720                __mingw_enum_import_library_names
 .text          0x00000001400027e0       0x40 c:/users/lenovo/downloads/mingw/bin/../lib/gcc/x86_64-w64-mingw32/11.2.0/libgcc.a(_chkstk_ms.o)
                0x00000001400027e0                ___chkstk_ms
 .text          0x0000000140002820        0x0 c:/users/lenovo/downloads/mingw/bin/../lib/gcc/x86_64-w64-mingw32/11.2.0/libgcc.a(_ctors.o)
 .text          0x0000000140002820        0x0 c:/users/lenovo/downloads/mingw/bin/../lib/gcc/x86_64-w64-mingw32/11.2.0/../../../../x86_64-w64-mingw32/lib/../lib/libmingwex.a(lib64_libmingwex_a-mingw_matherr.o)
 .text          0x0000000140002820       0x50 c:/users/lenovo/downloads/mingw/bin/../lib/gcc/x86_64-w64-mingw32/11.2.0/../../../../x86_64-w64-mingw32/lib/../lib/libmingwex.a(lib64_libmingwex_a-mingw_vfprintf.o)
                0x0000000140002820                __mingw_vfprintf
 .text          0x0000000140002870     0x25a0 c:/users/lenovo/downloads/mingw/bin/../lib/gcc/x86_64-w64-mingw32/11.2.0/../../../../x86_64-w64-mingw32/lib/../lib/libmingwex.a(lib64_libmingwex_a-mingw_pformat.o)
                0x0000000140004460                __mingw_pformat
 .text          0x0000000140004e10      0x250 c:/users/lenovo/downloads/mingw/bin/../lib/gcc/x86_64-w64-mingw32/11.2.0/../../../../x86_64-w64-mingw32/lib/../lib/libmingwex.a(lib64_libmingwex_a-dmisc.o)
                0x0000000140004e10                __rv_alloc_D2A
                0x0000000140004e50                __nrv_alloc_D2A
                0x0000000140004ed0                __freedtoa
                0x0000000140004ef0                __quorem_D2A
 .text          0x0000000140005060     0x16e0 c:/users/lenovo/downloads/mingw/bin/../lib/gcc/x86_64-w64-mingw32/11.2.0/../../../../x86_64-w64-mingw32/lib/../lib/libmingwex.a(lib64_libmingwex_a-gdtoa.o)
                0x0000000140005060                __gdtoa
 .text          0x0000000140006740      0x150 c:/users/lenovo/downloads/mingw/bin/../lib/gcc/x86_64-w64-mingw32/11.2.0/../../../../x86_64-w64-mingw32/lib/../lib/libmingwex.a(lib64_libmingwex_a-gmisc.o)
                0x0000000140006740                __rshift_D2A
                0x0000000140006840                __trailz_D2A
 .text          0x0000000140006890      0xd00 c:/users/lenovo/downloads/mingw/bin/../lib/gcc/x86_64-w64-mingw32/11.2.0/../../../../x86_64-w64-mingw32/lib/../lib/libmingwex.a(lib64_libmingwex_a-misc.o)
                0x00000001400069c0                __Balloc_D2A
                0x0000000140006ac0                __Bfree_D2A
                0x0000000140006b30                __multadd_D2A
                0x0000000140006be0                __i2b_D2A
                0x0000000140006ca0                __mult_D2A
                0x0000000140006e00                __pow5mult_D2A
                0x0000000140007010                __lshift_D2A
                0x0000000140007120                __cmp_D2A
                0x0000000140007170                __diff_D2A
                0x0000000140007340                __b2d_D2A
                0x0000000140007450                __d2b_D2A
                0x0000000140007560                __strcp_D2A
 .text          0x0000000140007590       0x30 c:/users/lenovo/downloads/mingw/bin/../lib/gcc/x86_64-w64-mingw32/11.2.0/../../../../x86_64-w64-mingw32/lib/../lib/libmingwex.a(lib64_libmingwex_a-strnlen.o)
                0x0000000140007590                strnlen
 .text          0x00000001400075c0       0x30 c:/users/lenovo/downloads/mingw/bin/../lib/gcc/x86_64-w64-mingw32/11.2.0/../../../../x86_64-w64-mingw32/lib/../lib/libmingwex.a(lib64_libmingwex_a-wcsnlen.o)
                0x00000001400075c0                wcsnlen
 .text          0x00000001400075f0        0x8 c:/users/lenovo/downloads/mingw/bin/../lib/gcc/x86_64-w64-mingw32/11.2.0/../../../../x86_64-w64-mingw32/lib/../lib/libmsvcrt.a(dwjts01285.o)
                0x00000001400075f0                wcslen
 .text          0x00000001400075f8        0x8 c:/users/lenovo/downloads/mingw/bin/../lib/gcc/x86_64-w64-mingw32/11.2.0/../../../../x86_64-w64-mingw32/lib/../lib/libmsvcrt.a(dwjts01259.o)
                0x00000001400075f8                vfprintf
 .text          0x0000000140007600        0x8 c:/users/lenovo/downloads/mingw/bin/../lib/gcc/x86_64-w64-mingw32/11.2.0/../../../../x86_64-w64-mingw32/lib/../lib/libmsvcrt.a(dwjts01224.o)
                0x0000000140007600                strncmp
 .text          0x0000000140007608        0x8 c:/users/lenovo/downloads/mingw/bin/../lib/gcc/x86_64-w64-mingw32/11.2.0/../../../../x86_64-w64-mingw32/lib/../lib/libmsvcrt.a(dwjts01221.o)
                0x0000000140007608                strlen
 .text          0x0000000140007610        0x8 c:/users/lenovo/downloads/mingw/bin/../lib/gcc/x86_64-w64-mingw32/11.2.0/../../../../x86_64-w64-mingw32/lib/../lib/libmsvcrt.a(dwjts01219.o)
                0x0000000140007610                strerror
 .text          0x0000000140007618        0x8 c:/users/lenovo/downloads/mingw/bin/../lib/gcc/x86_64-w64-mingw32/11.2.0/../../../../x86_64-w64-mingw32/lib/../lib/libmsvcrt.a(dwjts01198.o)
                0x0000000140007618                signal
 .text          0x0000000140007620        0x8 c:/users/lenovo/downloads/mingw/bin/../lib/gcc/x86_64-w64-mingw32/11.2.0/../../../../x86_64-w64-mingw32/lib/../lib/libmsvcrt.a(dwjts01168.o)
                0x0000000140007620                memset
 .text          0x0000000140007628        0x8 c:/users/lenovo/downloads/mingw/bin/../lib/gcc/x86_64-w64-mingw32/11.2.0/../../../../x86_64-w64-mingw32/lib/../lib/libmsvcrt.a(dwjts01166.o)
                0x0000000140007628                memcpy
 .text          0x0000000140007630        0x8 c:/users/lenovo/downloads/mingw/bin/../lib/gcc/x86_64-w64-mingw32/11.2.0/../../../../x86_64-w64-mingw32/lib/../lib/libmsvcrt.a(dwjts01158.o)
                0x0000000140007630                malloc
 .text          0x0000000140007638        0x8 c:/users/lenovo/downloads/mingw/bin/../lib/gcc/x86_64-w64-mingw32/11.2.0/../../../../x86_64-w64-mingw32/lib/../lib/libmsvcrt.a(dwjts01151.o)
                0x0000000140007638                localeconv
 .text          0x0000000140007640        0x8 c:/users/lenovo/downloads/mingw/bin/../lib/gcc/x86_64-w64-mingw32/11.2.0/../../../../x86_64-w64-mingw32/lib/../lib/libmsvcrt.a(dwjts01110.o)
                0x0000000140007640                fwrite
 .text          0x0000000140007648        0x8 c:/users/lenovo/downloads/mingw/bin/../lib/gcc/x86_64-w64-mingw32/11.2.0/../../../../x86_64-w64-mingw32/lib/../lib/libmsvcrt.a(dwjts01097.o)
                0x0000000140007648                free
 .text          0x0000000140007650        0x8 c:/users/lenovo/downloads/mingw/bin/../lib/gcc/x86_64-w64-mingw32/11.2.0/../../../../x86_64-w64-mingw32/lib/../lib/libmsvcrt.a(dwjts01092.o)
                0x0000000140007650                fputc
 .text          0x0000000140007658        0x8 c:/users/lenovo/downloads/mingw/bin/../lib/gcc/x86_64-w64-mingw32/11.2.0/../../../../x86_64-w64-mingw32/lib/../lib/libmsvcrt.a(dwjts01090.o)
                0x0000000140007658                fprintf
 .text          0x0000000140007660        0x8 c:/users/lenovo/downloads/mingw/bin/../lib/gcc/x86_64-w64-mingw32/11.2.0/../../../../x86_64-w64-mingw32/lib/../lib/libmsvcrt.a(dwjts01069.o)
                0x0000000140007660                exit
 .text          0x0000000140007668        0x8 c:/users/lenovo/downloads/mingw/bin/../lib/gcc/x86_64-w64-mingw32/11.2.0/../../../../x86_64-w64-mingw32/lib/../lib/libmsvcrt.a(dwjts01056.o)
                0x0000000140007668                calloc
 .text          0x0000000140007670        0x8 c:/users/lenovo/downloads/mingw/bin/../lib/gcc/x86_64-w64-mingw32/11.2.0/../../../../x86_64-w64-mingw32/lib/../lib/libmsvcrt.a(dwjts01038.o)
                0x0000000140007670                abort
 .text          0x0000000140007678        0x8 c:/users/lenovo/downloads/mingw/bin/../lib/gcc/x86_64-w64-mingw32/11.2.0/../../../../x86_64-w64-mingw32/lib/../lib/libmsvcrt.a(dwjts00614.o)
                0x0000000140007678                _onexit
 .text          0x0000000140007680        0x8 c:/users/lenovo/downloads/mingw/bin/../lib/gcc/x86_64-w64-mingw32/11.2.0/../../../../x86_64-w64-mingw32/lib/../lib/libmsvcrt.a(dwjts00332.o)
                0x0000000140007680                _initterm
 .text          0x0000000140007688        0x8 c:/users/lenovo/downloads/mingw/bin/../lib/gcc/x86_64-w64-mingw32/11.2.0/../../../../x86_64-w64-mingw32/lib/../lib/libmsvcrt.a(dwjts00204.o)
                0x0000000140007688                _errno
 .text          0x0000000140007690        0x8 c:/users/lenovo/downloads/mingw/bin/../lib/gcc/x86_64-w64-mingw32/11.2.0/../../../../x86_64-w64-mingw32/lib/../lib/libmsvcrt.a(dwjts00141.o)
                0x0000000140007690                _cexit
 .text          0x0000000140007698        0x8 c:/users/lenovo/downloads/mingw/bin/../lib/gcc/x86_64-w64-mingw32/11.2.0/../../../../x86_64-w64-mingw32/lib/../lib/libmsvcrt.a(dwjts00123.o)
                0x0000000140007698                _amsg_exit
 .text          0x00000001400076a0        0x8 c:/users/lenovo/downloads/mingw/bin/../lib/gcc/x86_64-w64-mingw32/11.2.0/../../../../x86_64-w64-mingw32/lib/../lib/libmsvcrt.a(dwjts00099.o)
                0x00000001400076a0                __setusermatherr
 .text          0x00000001400076a8        0x8 c:/users/lenovo/downloads/mingw/bin/../lib/gcc/x86_64-w64-mingw32/11.2.0/../../../../x86_64-w64-mingw32/lib/../lib/libmsvcrt.a(dwjts00097.o)
                0x00000001400076a8                __set_app_type
 .text          0x00000001400076b0        0x8 c:/users/lenovo/downloads/mingw/bin/../lib/gcc/x86_64-w64-mingw32/11.2.0/../../../../x86_64-w64-mingw32/lib/../lib/libmsvcrt.a(dwjts00091.o)
                0x00000001400076b0                __lconv_init
 .text          0x00000001400076b8        0x0 c:/users/lenovo/downloads/mingw/bin/../lib/gcc/x86_64-w64-mingw32/11.2.0/../../../../x86_64-w64-mingw32/lib/../lib/libmsvcrt.a(dwjts00082.o)
 .text          0x00000001400076b8        0x8 c:/users/lenovo/downloads/mingw/bin/../lib/gcc/x86_64-w64-mingw32/11.2.0/../../../../x86_64-w64-mingw32/lib/../lib/libmsvcrt.a(dwjts00081.o)
                0x00000001400076b8                __getmainargs
 .text          0x00000001400076c0        0x8 c:/users/lenovo/downloads/mingw/bin/../lib/gcc/x86_64-w64-mingw32/11.2.0/../../../../x86_64-w64-mingw32/lib/../lib/libmsvcrt.a(dwjts00055.o)
                0x00000001400076c0                __C_specific_handler
 *fill*         0x00000001400076c8        0x8 
 .text          0x00000001400076d0      0x360 c:/users/lenovo/downloads/mingw/bin/../lib/gcc/x86_64-w64-mingw32/11.2.0/../../../../x86_64-w64-mingw32/lib/../lib/libmsvcrt.a(lib64_libmsvcrt_os_a-mbrtowc.o)
                0x0000000140007850                mbrtowc
                0x00000001400078c0                mbsrtowcs
                0x00000001400079d0                mbrlen
 .text          0x0000000140007a30      0x1e0 c:/users/lenovo/downloads/mingw/bin/../lib/gcc/x86_64-w64-mingw32/11.2.0/../../../../x86_64-w64-mingw32/lib/../lib/libmsvcrt.a(lib64_libmsvcrt_os_a-wcrtomb.o)
                0x0000000140007ac0                wcrtomb
                0x0000000140007b10                wcsrtombs
 .text          0x0000000140007c10       0x20 c:/users/lenovo/downloads/mingw/bin/../lib/gcc/x86_64-w64-mingw32/11.2.0/../../../../x86_64-w64-mingw32/lib/../lib/libmsvcrt.a(lib64_libmsvcrt_os_a-acrt_iob_func.o)
                0x0000000140007c10                __acrt_iob_func
 .text          0x0000000140007c30       0x20 c:/users/lenovo/downloads/mingw/bin/../lib/gcc/x86_64-w64-mingw32/11.2.0/../../../../x86_64-w64-mingw32/lib/../lib/libmsvcrt.a(lib64_libmsvcrt_os_a-invalid_parameter_handler.o)
                0x0000000140007c30                _get_invalid_parameter_handler
                0x0000000140007c40                _set_invalid_parameter_handler
 .text          0x0000000140007c50       0xd0 c:/users/lenovo/downloads/mingw/bin/../lib/gcc/x86_64-w64-mingw32/11.2.0/../../../../x86_64-w64-mingw32/lib/../lib/libmsvcrt.a(lib64_libmsvcrt_os_a-mingw_lock.o)
                0x0000000140007c50                _lock_file
                0x0000000140007cc0                _unlock_file
 .text          0x0000000140007d20       0x10 c:/users/lenovo/downloads/mingw/bin/../lib/gcc/x86_64-w64-mingw32/11.2.0/../../../../x86_64-w64-mingw32/lib/../lib/libmsvcrt.a(lib64_libmsvcrt_os_a-__p__acmdln.o)
                0x0000000140007d20                __p__acmdln
 .text          0x0000000140007d30       0x10 c:/users/lenovo/downloads/mingw/bin/../lib/gcc/x86_64-w64-mingw32/11.2.0/../../../../x86_64-w64-mingw32/lib/../lib/libmsvcrt.a(lib64_libmsvcrt_os_a-__p__commode.o)
                0x0000000140007d30                __p__commode
 .text          0x0000000140007d40       0x10 c:/users/lenovo/downloads/mingw/bin/../lib/gcc/x86_64-w64-mingw32/11.2.0/../../../../x86_64-w64-mingw32/lib/../lib/libmsvcrt.a(lib64_libmsvcrt_os_a-__p__fmode.o)
                0x0000000140007d40                __p__fmode
 .text          0x0000000140007d50        0x0 c:/users/lenovo/downloads/mingw/bin/../lib/gcc/x86_64-w64-mingw32/11.2.0/../../../../x86_64-w64-mingw32/lib/../lib/libmsvcrt.a(dwjth.o)
 .text          0x0000000140007d50        0x8 c:/users/lenovo/downloads/mingw/bin/../lib/gcc/x86_64-w64-mingw32/11.2.0/../../../../x86_64-w64-mingw32/lib/../lib/libmsvcrt.a(dwjts00823.o)
                0x0000000140007d50                _unlock
 .text          0x0000000140007d58        0x8 c:/users/lenovo/downloads/mingw/bin/../lib/gcc/x86_64-w64-mingw32/11.2.0/../../../../x86_64-w64-mingw32/lib/../lib/libmsvcrt.a(dwjts00442.o)
                0x0000000140007d58                _lock
 .text          0x0000000140007d60        0x0 c:/users/lenovo/downloads/mingw/bin/../lib/gcc/x86_64-w64-mingw32/11.2.0/../../../../x86_64-w64-mingw32/lib/../lib/libmsvcrt.a(dwjts00116.o)
 .text          0x0000000140007d60        0x8 c:/users/lenovo/downloads/mingw/bin/../lib/gcc/x86_64-w64-mingw32/11.2.0/../../../../x86_64-w64-mingw32/lib/../lib/libmsvcrt.a(dwjts00083.o)
                0x0000000140007d60                __iob_func
 .text          0x0000000140007d68        0x8 c:/users/lenovo/downloads/mingw/bin/../lib/gcc/x86_64-w64-mingw32/11.2.0/../../../../x86_64-w64-mingw32/lib/../lib/libmsvcrt.a(dwjts00066.o)
                0x0000000140007d68                ___mb_cur_max_func
 .text          0x0000000140007d70        0x8 c:/users/lenovo/downloads/mingw/bin/../lib/gcc/x86_64-w64-mingw32/11.2.0/../../../../x86_64-w64-mingw32/lib/../lib/libmsvcrt.a(dwjts00063.o)
                0x0000000140007d70                ___lc_codepage_func
 *fill*         0x0000000140007d78        0x8 
 .text          0x0000000140007d80        0x0 c:/users/lenovo/downloads/mingw/bin/../lib/gcc/x86_64-w64-mingw32/11.2.0/../../../../x86_64-w64-mingw32/lib/../lib/libmsvcrt.a(dwjtt.o)
 .text          0x0000000140007d80        0x8 c:/users/lenovo/downloads/mingw/bin/../lib/gcc/x86_64-w64-mingw32/11.2.0/../../../../x86_64-w64-mingw32/lib/../lib/libkernel32.a(dwrqs01546.o)
                0x0000000140007d80                WideCharToMultiByte
 .text          0x0000000140007d88        0x8 c:/users/lenovo/downloads/mingw/bin/../lib/gcc/x86_64-w64-mingw32/11.2.0/../../../../x86_64-w64-mingw32/lib/../lib/libkernel32.a(dwrqs01493.o)
                0x0000000140007d88                VirtualQuery
 .text          0x0000000140007d90        0x8 c:/users/lenovo/downloads/mingw/bin/../lib/gcc/x86_64-w64-mingw32/11.2.0/../../../../x86_64-w64-mingw32/lib/../lib/libkernel32.a(dwrqs01491.o)
                0x0000000140007d90                VirtualProtect
 .text          0x0000000140007d98        0x8 c:/users/lenovo/downloads/mingw/bin/../lib/gcc/x86_64-w64-mingw32/11.2.0/../../../../x86_64-w64-mingw32/lib/../lib/libkernel32.a(dwrqs01444.o)
                0x0000000140007d98                TlsGetValue
 .text          0x0000000140007da0        0x8 c:/users/lenovo/downloads/mingw/bin/../lib/gcc/x86_64-w64-mingw32/11.2.0/../../../../x86_64-w64-mingw32/lib/../lib/libkernel32.a(dwrqs01409.o)
                0x0000000140007da0                Sleep
 .text          0x0000000140007da8        0x8 c:/users/lenovo/downloads/mingw/bin/../lib/gcc/x86_64-w64-mingw32/11.2.0/../../../../x86_64-w64-mingw32/lib/../lib/libkernel32.a(dwrqs01393.o)
                0x0000000140007da8                SetUnhandledExceptionFilter
 .text          0x0000000140007db0        0x8 c:/users/lenovo/downloads/mingw/bin/../lib/gcc/x86_64-w64-mingw32/11.2.0/../../../../x86_64-w64-mingw32/lib/../lib/libkernel32.a(dwrqs01035.o)
                0x0000000140007db0                MultiByteToWideChar
 .text          0x0000000140007db8        0x8 c:/users/lenovo/downloads/mingw/bin/../lib/gcc/x86_64-w64-mingw32/11.2.0/../../../../x86_64-w64-mingw32/lib/../lib/libkernel32.a(dwrqs00983.o)
                0x0000000140007db8                LeaveCriticalSection
 .text          0x0000000140007dc0        0x8 c:/users/lenovo/downloads/mingw/bin/../lib/gcc/x86_64-w64-mingw32/11.2.0/../../../../x86_64-w64-mingw32/lib/../lib/libkernel32.a(dwrqs00918.o)
                0x0000000140007dc0                IsDBCSLeadByteEx
 .text          0x0000000140007dc8        0x8 c:/users/lenovo/downloads/mingw/bin/../lib/gcc/x86_64-w64-mingw32/11.2.0/../../../../x86_64-w64-mingw32/lib/../lib/libkernel32.a(dwrqs00891.o)
                0x0000000140007dc8                InitializeCriticalSection
 .text          0x0000000140007dd0        0x8 c:/users/lenovo/downloads/mingw/bin/../lib/gcc/x86_64-w64-mingw32/11.2.0/../../../../x86_64-w64-mingw32/lib/../lib/libkernel32.a(dwrqs00742.o)
                0x0000000140007dd0                GetStartupInfoA
 .text          0x0000000140007dd8        0x8 c:/users/lenovo/downloads/mingw/bin/../lib/gcc/x86_64-w64-mingw32/11.2.0/../../../../x86_64-w64-mingw32/lib/../lib/libkernel32.a(dwrqs00629.o)
                0x0000000140007dd8                GetLastError
 .text          0x0000000140007de0        0x8 c:/users/lenovo/downloads/mingw/bin/../lib/gcc/x86_64-w64-mingw32/11.2.0/../../../../x86_64-w64-mingw32/lib/../lib/libkernel32.a(dwrqs00318.o)
                0x0000000140007de0                EnterCriticalSection
 .text          0x0000000140007de8        0x8 c:/users/lenovo/downloads/mingw/bin/../lib/gcc/x86_64-w64-mingw32/11.2.0/../../../../x86_64-w64-mingw32/lib/../lib/libkernel32.a(dwrqs00282.o)
                0x0000000140007de8                DeleteCriticalSection
 .text          0x0000000140007df0        0x0 c:/users/lenovo/downloads/mingw/bin/../lib/gcc/x86_64-w64-mingw32/11.2.0/../../../../x86_64-w64-mingw32/lib/../lib/libkernel32.a(dwrqh.o)
 .text          0x0000000140007df0        0x0 c:/users/lenovo/downloads/mingw/bin/../lib/gcc/x86_64-w64-mingw32/11.2.0/../../../../x86_64-w64-mingw32/lib/../lib/libkernel32.a(dwrqt.o)
 .text          0x0000000140007df0        0x0 c:/users/lenovo/downloads/mingw/bin/../lib/gcc/x86_64-w64-mingw32/11.2.0/../../../../x86_64-w64-mingw32/lib/../lib/libmsvcrt.a(dwjts00254.o)
 .text          0x0000000140007df0        0x0 c:/users/lenovo/downloads/mingw/bin/../lib/gcc/x86_64-w64-mingw32/11.2.0/../../../../x86_64-w64-mingw32/lib/../lib/libmsvcrt.a(dwjts00157.o)
 .text          0x0000000140007df0        0x0 c:/users/lenovo/downloads/mingw/bin/../lib/gcc/x86_64-w64-mingw32/11.2.0/crtend.o
 *(SORT_BY_NAME(.text$*))
 *(.text.*)
 .text.startup  0x0000000140007df0       0x10 c:/users/lenovo/downloads/mingw/bin/../lib/gcc/x86_64-w64-mingw32/11.2.0/crtend.o
 *(.gnu.linkonce.t.*)
 *(.glue_7t)
 *(.glue_7)
                0x0000000140007e00                . = ALIGN (0x8)
                0x0000000140007e00                ___CTOR_LIST__ = .
                0x0000000140007e00                __CTOR_LIST__ = .
                0x0000000140007e00        0x4 LONG 0xffffffffffffffff
                0x0000000140007e04        0x4 LONG 0xffffffffffffffff
 *(.ctors)
 *(.ctor)
 *(SORT_BY_NAME(.ctors.*))
 .ctors.65535   0x0000000140007e08        0x8 c:/users/lenovo/downloads/mingw/bin/../lib/gcc/x86_64-w64-mingw32/11.2.0/crtend.o
                0x0000000140007e10        0x4 LONG 0x0
                0x0000000140007e14        0x4 LONG 0x0
                0x0000000140007e18                ___DTOR_LIST__ = .
                0x0000000140007e18                __DTOR_LIST__ = .
                0x0000000140007e18        0x4 LONG 0xffffffffffffffff
                0x0000000140007e1c        0x4 LONG 0xffffffffffffffff
 *(.dtors)
 *(.dtor)
 *(SORT_BY_NAME(.dtors.*))
                0x0000000140007e20        0x4 LONG 0x0
                0x0000000140007e24        0x4 LONG 0x0
 *(SORT_NONE(.fini))
 *(.gcc_exc)
                [!provide]                        PROVIDE (etext = .)
 *(.gcc_except_table)

.data           0x0000000140008000      0x200
                0x0000000140008000                __data_start__ = .
 *(.data)
 .data          0x0000000140008000       0x10 c:/users/lenovo/downloads/mingw/bin/../lib/gcc/x86_64-w64-mingw32/11.2.0/../../../../x86_64-w64-mingw32/lib/../lib/crt2.o
                0x0000000140008000                __mingw_winmain_nShowCmd
 .data          0x0000000140008010        0x0 c:/users/lenovo/downloads/mingw/bin/../lib/gcc/x86_64-w64-mingw32/11.2.0/crtbegin.o
 .data          0x0000000140008010        0x0 main.o
 .data          0x0000000140008010        0x0 memory.o
 .data          0x0000000140008010       0x10 c:/users/lenovo/downloads/mingw/bin/../lib/gcc/x86_64-w64-mingw32/11.2.0/../../../../x86_64-w64-mingw32/lib/../lib/libmingw32.a(lib64_libmingw32_a-gccmain.o)
 .data          0x0000000140008020       0x10 c:/users/lenovo/downloads/mingw/bin/../lib/gcc/x86_64-w64-mingw32/11.2.0/../../../../x86_64-w64-mingw32/lib/../lib/libmingw32.a(lib64_libmingw32_a-natstart.o)
                0x0000000140008020                __native_vcclrit_reason
                0x0000000140008024                __native_dllmain_reason
 .data          0x0000000140008030       0x10 c:/users/lenovo/downloads/mingw/bin/../lib/gcc/x86_64-w64-mingw32/11.2.0/../../../../x86_64-w64-mingw32/lib/../lib/libmingw32.a(lib64_libmingw32_a-wildcard.o)
                0x0000000140008030                _dowildcard
 .data          0x0000000140008040       0x10 c:/users/lenovo/downloads/mingw/bin/../lib/gcc/x86_64-w64-mingw32/11.2.0/../../../../x86_64-w64-mingw32/lib/../lib/libmingw32.a(lib64_libmingw32_a-charmax.o)
                0x0000000140008040                _charmax
 .data          0x0000000140008050        0x0 c:/users/lenovo/downloads/mingw/bin/../lib/gcc/x86_64-w64-mingw32/11.2.0/../../../../x86_64-w64-mingw32/lib/../lib/libmingw32.a(lib64_libmingw32_a-dllargv.o)
 .data          0x0000000140008050        0x0 c:/users/lenovo/downloads/mingw/bin/../lib/gcc/x86_64-w64-mingw32/11.2.0/../../../../x86_64-w64-mingw32/lib/../lib/libmingw32.a(lib64_libmingw32_a-_newmode.o)
 .data          0x0000000140008050        0x0 c:/users/lenovo/downloads/mingw/bin/../lib/gcc/x86_64-w64-mingw32/11.2.0/../../../../x86_64-w64-mingw32/lib/../lib/libmingw32.a(lib64_libmingw32_a-tlssup.o)
 .data          0x0000000140008050        0x0 c:/users/lenovo/downloads/mingw/bin/../lib/gcc/x86_64-w64-mingw32/11.2.0/../../../../x86_64-w64-mingw32/lib/../lib/libmingw32.a(lib64_libmingw32_a-xncommod.o)
 .data          0x0000000140008050        0x0 c:/users/lenovo/downloads/mingw/bin/../lib/gcc/x86_64-w64-mingw32/11.2.0/../../../../x86_64-w64-mingw32/lib/../lib/libmingw32.a(lib64_libmingw32_a-cinitexe.o)
 .data          0x0000000140008050        0x0 c:/users/lenovo/downloads/mingw/bin/../lib/gcc/x86_64-w64-mingw32/11.2.0/../../../../x86_64-w64-mingw32/lib/../lib/libmingw32.a(lib64_libmingw32_a-merr.o)
 .data          0x0000000140008050        0x0 c:/users/lenovo/downloads/mingw/bin/../lib/gcc/x86_64-w64-mingw32/11.2.0/../../../../x86_64-w64-mingw32/lib/../lib/libmingw32.a(lib64_libmingw32_a-CRT_fp10.o)
 .data          0x0000000140008050        0x0 c:/users/lenovo/downloads/mingw/bin/../lib/gcc/x86_64-w64-mingw32/11.2.0/../../../../x86_64-w64-mingw32/lib/../lib/libmingw32.a(lib64_libmingw32_a-mingw_helpers.o)
 .data          0x0000000140008050        0x0 c:/users/lenovo/downloads/mingw/bin/../lib/gcc/x86_64-w64-mingw32/11.2.0/../../../../x86_64-w64-mingw32/lib/../lib/libmingw32.a(lib64_libmingw32_a-pseudo-reloc.o)
 .data          0x0000000140008050        0x0 c:/users/lenovo/downloads/mingw/bin/../lib/gcc/x86_64-w64-mingw32/11.2.0/../../../../x86_64-w64-mingw32/lib/../lib/libmingw32.a(lib64_libmingw32_a-usermatherr.o)
 .data          0x0000000140008050        0x0 c:/users/lenovo/downloads/mingw/bin/../lib/gcc/x86_64-w64-mingw32/11.2.0/../../../../x86_64-w64-mingw32/lib/../lib/libmingw32.a(lib64_libmingw32_a-xtxtmode.o)
 .data          0x0000000140008050        0x0 c:/users/lenovo/downloads/mingw/bin/../lib/gcc/x86_64-w64-mingw32/11.2.0/../../../../x86_64-w64-mingw32/lib/../lib/libmingw32.a(lib64_libmingw32_a-crt_handler.o)
 .data          0x0000000140008050        0x0 c:/users/lenovo/downloads/mingw/bin/../lib/gcc/x86_64-w64-mingw32/11.2.0/../../../../x86_64-w64-mingw32/lib/../lib/libmingw32.a(lib64_libmingw32_a-tlsthrd.o)
 .data          0x0000000140008050       0x10 c:/users/lenovo/downloads/mingw/bin/../lib/gcc/x86_64-w64-mingw32/11.2.0/../../../../x86_64-w64-mingw32/lib/../lib/libmingw32.a(lib64_libmingw32_a-tlsmcrt.o)
                0x0000000140008050                _CRT_MT
 .data          0x0000000140008060        0x0 c:/users/lenovo/downloads/mingw/bin/../lib/gcc/x86_64-w64-mingw32/11.2.0/../../../../x86_64-w64-mingw32/lib/../lib/libmingw32.a(lib64_libmingw32_a-pseudo-reloc-list.o)
 .data          0x0000000140008060        0x0 c:/users/lenovo/downloads/mingw/bin/../lib/gcc/x86_64-w64-mingw32/11.2.0/../../../../x86_64-w64-mingw32/lib/../lib/libmingw32.a(lib64_libmingw32_a-pesect.o)
 .data          0x0000000140008060        0x0 c:/users/lenovo/downloads/mingw/bin/../lib/gcc/x86_64-w64-mingw32/11.2.0/libgcc.a(_chkstk_ms.o)
 .data          0x0000000140008060        0x0 c:/users/lenovo/downloads/mingw/bin/../lib/gcc/x86_64-w64-mingw32/11.2.0/libgcc.a(_ctors.o)
 .data          0x0000000140008060       0x10 c:/users/lenovo/downloads/mingw/bin/../lib/gcc/x86_64-w64-mingw32/11.2.0/../../../../x86_64-w64-mingw32/lib/../lib/libmingwex.a(lib64_libmingwex_a-mingw_matherr.o)
                0x0000000140008060                _MINGW_INSTALL_DEBUG_MATHERR
 .data          0x0000000140008070        0x0 c:/users/lenovo/downloads/mingw/bin/../lib/gcc/x86_64-w64-mingw32/11.2.0/../../../../x86_64-w64-mingw32/lib/../lib/libmingwex.a(lib64_libmingwex_a-mingw_vfprintf.o)
 .data          0x0000000140008070       0x20 c:/users/lenovo/downloads/mingw/bin/../lib/gcc/x86_64-w64-mingw32/11.2.0/../../../../x86_64-w64-mingw32/lib/../lib/libmingwex.a(lib64_libmingwex_a-mingw_pformat.o)
 .data          0x0000000140008090        0x0 c:/users/lenovo/downloads/mingw/bin/../lib/gcc/x86_64-w64-mingw32/11.2.0/../../../../x86_64-w64-mingw32/lib/../lib/libmingwex.a(lib64_libmingwex_a-dmisc.o)
 .data          0x0000000140008090        0x0 c:/users/lenovo/downloads/mingw/bin/../lib/gcc/x86_64-w64-mingw32/11.2.0/../../../../x86_64-w64-mingw32/lib/../lib/libmingwex.a(lib64_libmingwex_a-gdtoa.o)
 .data          0x0000000140008090        0x0 c:/users/lenovo/downloads/mingw/bin/../lib/gcc/x86_64-w64-mingw32/11.2.0/../../../../x86_64-w64-mingw32/lib/../lib/libmingwex.a(lib64_libmingwex_a-gmisc.o)
 .data          0x0000000140008090       0x10 c:/users/lenovo/downloads/mingw/bin/../lib/gcc/x86_64-w64-mingw32/11.2.0/../../../../x86_64-w64-mingw32/lib/../lib/libmingwex.a(lib64_libmingwex_a-misc.o)
 .data          0x00000001400080a0        0x0 c:/users/lenovo/downloads/mingw/bin/../lib/gcc/x86_64-w64-mingw32/11.2.0/../../../../x86_64-w64-mingw32/lib/../lib/libmingwex.a(lib64_libmingwex_a-strnlen.o)
 .data          0x00000001400080a0        0x0 c:/users/lenovo/downloads/mingw/bin/../lib/gcc/x86_64-w64-mingw32/11.2.0/../../../../x86_64-w64-mingw32/lib/../lib/libmingwex.a(lib64_libmingwex_a-wcsnlen.o)
 .data          0x00000001400080a0        0x0 c:/users/lenovo/downloads/mingw/bin/../lib/gcc/x86_64-w64-mingw32/11.2.0/../../../../x86_64-w64-mingw32/lib/../lib/libmsvcrt.a(dwjts01285.o)
 .data          0x00000001400080a0        0x0 c:/users/lenovo/downloads/mingw/bin/../lib/gcc/x86_64-w64-mingw32/11.2.0/../../../../x86_64-w64-mingw32/lib/../lib/libmsvcrt.a(dwjts01259.o)
 .data          0x00000001400080a0        0x0 c:/users/lenovo/downloads/mingw/bin/../lib/gcc/x86_64-w64-mingw32/11.2.0/../../../../x86_64-w64-mingw32/lib/../lib/libmsvcrt.a(dwjts01224.o)
 .data          0x00000001400080a0        0x0 c:/users/lenovo/downloads/mingw/bin/../lib/gcc/x86_64-w64-mingw32/11.2.0/../../../../x86_64-w64-mingw32/lib/../lib/libmsvcrt.a(dwjts01221.o)
 .data          0x00000001400080a0        0x0 c:/users/lenovo/downloads/mingw/bin/../lib/gcc/x86_64-w64-mingw32/11.2.0/../../../../x86_64-w64-mingw32/lib/../lib/libmsvcrt.a(dwjts01219.o)
 .data          0x00000001400080a0        0x0 c:/users/lenovo/downloads/mingw/bin/../lib/gcc/x86_64-w64-mingw32/11.2.0/../../../../x86_64-w64-mingw32/lib/../lib/libmsvcrt.a(dwjts01198.o)
 .data          0x00000001400080a0        0x0 c:/users/lenovo/downloads/mingw/bin/../lib/gcc/x86_64-w64-mingw32/11.2.0/../../../../x86_64-w64-mingw32/lib/../lib/libmsvcrt.a(dwjts01168.o)
 .data          0x00000001400080a0        0x0 c:/users/lenovo/downloads/mingw/bin/../lib/gcc/x86_64-w64-mingw32/11.2.0/../../../../x86_64-w64-mingw32/lib/../lib/libmsvcrt.a(dwjts01166.o)
 .data          0x00000001400080a0        0x0 c:/users/lenovo/downloads/mingw/bin/../lib/gcc/x86_64-w64-mingw32/11.2.0/../../../../x86_64-w64-mingw32/lib/../lib/libmsvcrt.a(dwjts01158.o)
 .data          0x00000001400080a0        0x0 c:/users/lenovo/downloads/mingw/bin/../lib/gcc/x86_64-w64-mingw32/11.2.0/../../../../x86_64-w64-mingw32/lib/../lib/libmsvcrt.a(dwjts01151.o)
 .data          0x00000001400080a0        0x0 c:/users/lenovo/downloads/mingw/bin/../lib/gcc/x86_64-w64-mingw32/11.2.0/../../../../x86_64-w64-mingw32/lib/../lib/libmsvcrt.a(dwjts01110.o)
 .data          0x00000001400080a0        0x0 c:/users/lenovo/downloads/mingw/bin/../lib/gcc/x86_64-w64-mingw32/11.2.0/../../../../x86_64-w64-mingw32/lib/../lib/libmsvcrt.a(dwjts01097.o)
 .data          0x00000001400080a0        0x0 c:/users/lenovo/downloads/mingw/bin/../lib/gcc/x86_64-w64-mingw32/11.2.0/../../../../x86_64-w64-mingw32/lib/../lib/libmsvcrt.a(dwjts01092.o)
 .data          0x00000001400080a0        0x0 c:/users/lenovo/downloads/mingw/bin/../lib/gcc/x86_64-w64-mingw32/11.2.0/../../../../x86_64-w64-mingw32/lib/../lib/libmsvcrt.a(dwjts01090.o)
 .data          0x00000001400080a0        0x0 c:/users/lenovo/downloads/mingw/bin/../lib/gcc/x86_64-w64-mingw32/11.2.0/../../../../x86_64-w64-mingw32/lib/../lib/libmsvcrt.a(dwjts01069.o)
 .data          0x00000001400080a0        0x0 c:/users/lenovo/downloads/mingw/bin/../lib/gcc/x86_64-w64-mingw32/11.2.0/../../../../x86_64-w64-mingw32/lib/../lib/libmsvcrt.a(dwjts01056.o)
 .data          0x00000001400080a0        0x0 c:/users/lenovo/downloads/mingw/bin/../lib/gcc/x86_64-w64-mingw32/11.2.0/../../../../x86_64-w64-mingw32/lib/../lib/libmsvcrt.a(dwjts01038.o)
 .data          0x00000001400080a0        0x0 c:/users/lenovo/downloads/mingw/bin/../lib/gcc/x86_64-w64-mingw32/11.2.0/../../../../x86_64-w64-mingw32/lib/../lib/libmsvcrt.a(dwjts00614.o)
 .data          0x00000001400080a0        0x0 c:/users/lenovo/downloads/mingw/bin/../lib/gcc/x86_64-w64-mingw32/11.2.0/../../../../x86_64-w64-mingw32/lib/../lib/libmsvcrt.a(dwjts00332.o)
 .data          0x00000001400080a0        0x0 c:/users/lenovo/downloads/mingw/bin/../lib/gcc/x86_64-w64-mingw32/11.2.0/../../../../x86_64-w64-mingw32/lib/../lib/libmsvcrt.a(dwjts00204.o)
 .data          0x00000001400080a0        0x0 c:/users/lenovo/downloads/mingw/bin/../lib/gcc/x86_64-w64-mingw32/11.2.0/../../../../x86_64-w64-mingw32/lib/../lib/libmsvcrt.a(dwjts00141.o)
 .data          0x00000001400080a0        0x0 c:/users/lenovo/downloads/mingw/bin/../lib/gcc/x86_64-w64-mingw32/11.2.0/../../../../x86_64-w64-mingw32/lib/../lib/libmsvcrt.a(dwjts00123.o)
 .data          0x00000001400080a0        0x0 c:/users/lenovo/downloads/mingw/bin/../lib/gcc/x86_64-w64-mingw32/11.2.0/../../../../x86_64-w64-mingw32/lib/../lib/libmsvcrt.a(dwjts00099.o)
 .data          0x00000001400080a0        0x0 c:/users/lenovo/downloads/mingw/bin/../lib/gcc/x86_64-w64-mingw32/11.2.0/../../../../x86_64-w64-mingw32/lib/../lib/libmsvcrt.a(dwjts00097.o)
 .data          0x00000001400080a0        0x0 c:/users/lenovo/downloads/mingw/bin/../lib/gcc/x86_64-w64-mingw32/11.2.0/../../../../x86_64-w64-mingw32/lib/../lib/libmsvcrt.a(dwjts00091.o)
 .data          0x00000001400080a0        0x0 c:/users/lenovo/downloads/mingw/bin/../lib/gcc/x86_64-w64-mingw32/11.2.0/../../../../x86_64-w64-mingw32/lib/../lib/libmsvcrt.a(dwjts00082.o)
 .data          0x00000001400080a0        0x0 c:/users/lenovo/downloads/mingw/bin/../lib/gcc/x86_64-w64-mingw32/11.2.0/../../../../x86_64-w64-mingw32/lib/../lib/libmsvcrt.a(dwjts00081.o)
 .data          0x00000001400080a0        0x0 c:/users/lenovo/downloads/mingw/bin/../lib/gcc/x86_64-w64-mingw32/11.2.0/../../../../x86_64-w64-mingw32/lib/../lib/libmsvcrt.a(dwjts00055.o)
 .data          0x00000001400080a0        0x0 c:/users/lenovo/downloads/mingw/bin/../lib/gcc/x86_64-w64-mingw32/11.2.0/../../../../x86_64-w64-mingw32/lib/../lib/libmsvcrt.a(lib64_libmsvcrt_os_a-mbrtowc.o)
 .data          0x00000001400080a0        0x0 c:/users/lenovo/downloads/mingw/bin/../lib/gcc/x86_64-w64-mingw32/11.2.0/../../../../x86_64-w64-mingw32/lib/../lib/libmsvcrt.a(lib64_libmsvcrt_os_a-wcrtomb.o)
 .data          0x00000001400080a0       0x10 c:/users/lenovo/downloads/mingw/bin/../lib/gcc/x86_64-w64-mingw32/11.2.0/../../../../x86_64-w64-mingw32/lib/../lib/libmsvcrt.a(lib64_libmsvcrt_os_a-acrt_iob_func.o)
                0x00000001400080a0                __imp___acrt_iob_func
 .data          0x00000001400080b0       0x10 c:/users/lenovo/downloads/mingw/bin/../lib/gcc/x86_64-w64-mingw32/11.2.0/../../../../x86_64-w64-mingw32/lib/../lib/libmsvcrt.a(lib64_libmsvcrt_os_a-invalid_parameter_handler.o)
                0x00000001400080b0                __imp__get_invalid_parameter_handler
                0x00000001400080b8                __imp__set_invalid_parameter_handler
 .data          0x00000001400080c0       0x10 c:/users/lenovo/downloads/mingw/bin/../lib/gcc/x86_64-w64-mingw32/11.2.0/../../../../x86_64-w64-mingw32/lib/../lib/libmsvcrt.a(lib64_libmsvcrt_os_a-mingw_lock.o)
                0x00000001400080c0                __imp__unlock_file
                0x00000001400080c8                __imp__lock_file
 .data          0x00000001400080d0       0x10 c:/users/lenovo/downloads/mingw/bin/../lib/gcc/x86_64-w64-mingw32/11.2.0/../../../../x86_64-w64-mingw32/lib/../lib/libmsvcrt.a(lib64_libmsvcrt_os_a-__p__acmdln.o)
                0x00000001400080d0                __imp___p__acmdln
 .data          0x00000001400080e0       0x10 c:/users/lenovo/downloads/mingw/bin/../lib/gcc/x86_64-w64-mingw32/11.2.0/../../../../x86_64-w64-mingw32/lib/../lib/libmsvcrt.a(lib64_libmsvcrt_os_a-__p__commode.o)
                0x00000001400080e0                __imp___p__commode
 .data          0x00000001400080f0       0x10 c:/users/lenovo/downloads/mingw/bin/../lib/gcc/x86_64-w64-mingw32/11.2.0/../../../../x86_64-w64-mingw32/lib/../lib/libmsvcrt.a(lib64_libmsvcrt_os_a-__p__fmode.o)
                0x00000001400080f0                __imp___p__fmode
 .data          0x0000000140008100        0x0 c:/users/lenovo/downloads/mingw/bin/../lib/gcc/x86_64-w64-mingw32/11.2.0/../../../../x86_64-w64-mingw32/lib/../lib/libmsvcrt.a(dwjth.o)
 .data          0x0000000140008100        0x0 c:/users/lenovo/downloads/mingw/bin/../lib/gcc/x86_64-w64-mingw32/11.2.0/../../../../x86_64-w64-mingw32/lib/../lib/libmsvcrt.a(dwjts00823.o)
 .data          0x0000000140008100        0x0 c:/users/lenovo/downloads/mingw/bin/../lib/gcc/x86_64-w64-mingw32/11.2.0/../../../../x86_64-w64-mingw32/lib/../lib/libmsvcrt.a(dwjts00442.o)
 .data          0x0000000140008100        0x0 c:/users/lenovo/downloads/mingw/bin/../lib/gcc/x86_64-w64-mingw32/11.2.0/../../../../x86_64-w64-mingw32/lib/../lib/libmsvcrt.a(dwjts00116.o)
 .data          0x0000000140008100        0x0 c:/users/lenovo/downloads/mingw/bin/../lib/gcc/x86_64-w64-mingw32/11.2.0/../../../../x86_64-w64-mingw32/lib/../lib/libmsvcrt.a(dwjts00083.o)
 .data          0x0000000140008100        0x0 c:/users/lenovo/downloads/mingw/bin/../lib/gcc/x86_64-w64-mingw32/11.2.0/../../../../x86_64-w64-mingw32/lib/../lib/libmsvcrt.a(dwjts00066.o)
 .data          0x0000000140008100        0x0 c:/users/lenovo/downloads/mingw/bin/../lib/gcc/x86_64-w64-mingw32/11.2.0/../../../../x86_64-w64-mingw32/lib/../lib/libmsvcrt.a(dwjts00063.o)
 .data          0x0000000140008100        0x0 c:/users/lenovo/downloads/mingw/bin/../lib/gcc/x86_64-w64-mingw32/11.2.0/../../../../x86_64-w64-mingw32/lib/../lib/libmsvcrt.a(dwjtt.o)
 .data          0x0000000140008100        0x0 c:/users/lenovo/downloads/mingw/bin/../lib/gcc/x86_64-w64-mingw32/11.2.0/../../../../x86_64-w64-mingw32/lib/../lib/libkernel32.a(dwrqs01546.o)
 .data          0x0000000140008100        0x0 c:/users/lenovo/downloads/mingw/bin/../lib/gcc/x86_64-w64-mingw32/11.2.0/../../../../x86_64-w64-mingw32/lib/../lib/libkernel32.a(dwrqs01493.o)
 .data          0x0000000140008100        0x0 c:/users/lenovo/downloads/mingw/bin/../lib/gcc/x86_64-w64-mingw32/11.2.0/../../../../x86_64-w64-mingw32/lib/../lib/libkernel32.a(dwrqs01491.o)
 .data          0x0000000140008100        0x0 c:/users/lenovo/downloads/mingw/bin/../lib/gcc/x86_64-w64-mingw32/11.2.0/../../../../x86_64-w64-mingw32/lib/../lib/libkernel32.a(dwrqs01444.o)
 .data          0x0000000140008100        0x0 c:/users/lenovo/downloads/mingw/bin/../lib/gcc/x86_64-w64-mingw32/11.2.0/../../../../x86_64-w64-mingw32/lib/../lib/libkernel32.a(dwrqs01409.o)
 .data          0x0000000140008100        0x0 c:/users/lenovo/downloads/mingw/bin/../lib/gcc/x86_64-w64-mingw32/11.2.0/../../../../x86_64-w64-mingw32/lib/../lib/libkernel32.a(dwrqs01393.o)
 .data          0x0000000140008100        0x0 c:/users/lenovo/downloads/mingw/bin/../lib/gcc/x86_64-w64-mingw32/11.2.0/../../../../x86_64-w64-mingw32/lib/../lib/libkernel32.a(dwrqs01035.o)
 .data          0x0000000140008100        0x0 c:/users/lenovo/downloads/mingw/bin/../lib/gcc/x86_64-w64-mingw32/11.2.0/../../../../x86_64-w64-mingw32/lib/../lib/libkernel32.a(dwrqs00983.o)
 .data          0x0000000140008100        0x0 c:/users/lenovo/downloads/mingw/bin/../lib/gcc/x86_64-w64-mingw32/11.2.0/../../../../x86_64-w64-mingw32/lib/../lib/libkernel32.a(dwrqs00918.o)
 .data          0x0000000140008100        0x0 c:/users/lenovo/downloads/mingw/bin/../lib/gcc/x86_64-w64-mingw32/11.2.0/../../../../x86_64-w64-mingw32/lib/../lib/libkernel32.a(dwrqs00891.o)
 .data          0x0000000140008100        0x0 c:/users/lenovo/downloads/mingw/bin/../lib/gcc/x86_64-w64-mingw32/11.2.0/../../../../x86_64-w64-mingw32/lib/../lib/libkernel32.a(dwrqs00742.o)
 .data          0x0000000140008100        0x0 c:/users/lenovo/downloads/mingw/bin/../lib/gcc/x86_64-w64-mingw32/11.2.0/../../../../x86_64-w64-mingw32/lib/../lib/libkernel32.a(dwrqs00629.o)
 .data          0x0000000140008100        0x0 c:/users/lenovo/downloads/mingw/bin/../lib/gcc/x86_64-w64-mingw32/11.2.0/../../../../x86_64-w64-mingw32/lib/../lib/libkernel32.a(dwrqs00318.o)
 .data          0x0000000140008100        0x0 c:/users/lenovo/downloads/mingw/bin/../lib/gcc/x86_64-w64-mingw32/11.2.0/../../../../x86_64-w64-mingw32/lib/../lib/libkernel32.a(dwrqs00282.o)
 .data          0x0000000140008100        0x0 c:/users/lenovo/downloads/mingw/bin/../lib/gcc/x86_64-w64-mingw32/11.2.0/../../../../x86_64-w64-mingw32/lib/../lib/libkernel32.a(dwrqh.o)
 .data          0x0000000140008100        0x0 c:/users/lenovo/downloads/mingw/bin/../lib/gcc/x86_64-w64-mingw32/11.2.0/../../../../x86_64-w64-mingw32/lib/../lib/libkernel32.a(dwrqt.o)
 .data          0x0000000140008100        0x0 c:/users/lenovo/downloads/mingw/bin/../lib/gcc/x86_64-w64-mingw32/11.2.0/../../../../x86_64-w64-mingw32/lib/../lib/libmsvcrt.a(dwjts00254.o)
 .data          0x0000000140008100        0x0 c:/users/lenovo/downloads/mingw/bin/../lib/gcc/x86_64-w64-mingw32/11.2.0/../../../../x86_64-w64-mingw32/lib/../lib/libmsvcrt.a(dwjts00157.o)
 .data          0x0000000140008100        0x0 c:/users/lenovo/downloads/mingw/bin/../lib/gcc/x86_64-w64-mingw32/11.2.0/crtend.o
 *(.data2)
 *(SORT_BY_NAME(.data$*))
 *(.jcr)
                0x0000000140008100                __data_end__ = .
 *(.data_cygwin_nocopy)

.rdata          0x0000000140009000      0xe00
 *(.rdata)
 .rdata         0x0000000140009000       0x10 main.o
 *fill*         0x0000000140009010       0x10 
 .rdata         0x0000000140009020       0x60 c:/users/lenovo/downloads/mingw/bin/../lib/gcc/x86_64-w64-mingw32/11.2.0/../../../../x86_64-w64-mingw32/lib/../lib/libmingw32.a(lib64_libmingw32_a-tlssup.o)
                0x0000000140009020                __dyn_tls_init_callback
                0x0000000140009040                _tls_used
 .rdata         0x0000000140009080      0x140 c:/users/lenovo/downloads/mingw/bin/../lib/gcc/x86_64-w64-mingw32/11.2.0/../../../../x86_64-w64-mingw32/lib/../lib/libmingw32.a(lib64_libmingw32_a-merr.o)
 .rdata         0x00000001400091c0      0x110 c:/users/lenovo/downloads/mingw/bin/../lib/gcc/x86_64-w64-mingw32/11.2.0/../../../../x86_64-w64-mingw32/lib/../lib/libmingw32.a(lib64_libmingw32_a-pseudo-reloc.o)
 .rdata         0x00000001400092d0       0x30 c:/users/lenovo/downloads/mingw/bin/../lib/gcc/x86_64-w64-mingw32/11.2.0/../../../../x86_64-w64-mingw32/lib/../lib/libmingw32.a(lib64_libmingw32_a-crt_handler.o)
 .rdata         0x0000000140009300      0x190 c:/users/lenovo/downloads/mingw/bin/../lib/gcc/x86_64-w64-mingw32/11.2.0/../../../../x86_64-w64-mingw32/lib/../lib/libmingwex.a(lib64_libmingwex_a-mingw_pformat.o)
 .rdata         0x0000000140009490       0x90 c:/users/lenovo/downloads/mingw/bin/../lib/gcc/x86_64-w64-mingw32/11.2.0/../../../../x86_64-w64-mingw32/lib/../lib/libmingwex.a(lib64_libmingwex_a-gdtoa.o)
 .rdata         0x0000000140009520      0x160 c:/users/lenovo/downloads/mingw/bin/../lib/gcc/x86_64-w64-mingw32/11.2.0/../../../../x86_64-w64-mingw32/lib/../lib/libmingwex.a(lib64_libmingwex_a-misc.o)
                0x0000000140009540                __tens_D2A
                0x0000000140009600                __tinytens_D2A
                0x0000000140009640                __bigtens_D2A
 *(SORT_BY_NAME(.rdata$*))
 .rdata$.refptr._CRT_MT
                0x0000000140009680       0x10 c:/users/lenovo/downloads/mingw/bin/../lib/gcc/x86_64-w64-mingw32/11.2.0/../../../../x86_64-w64-mingw32/lib/../lib/libmingw32.a(lib64_libmingw32_a-tlssup.o)
                0x0000000140009680                .refptr._CRT_MT
 .rdata$.refptr._MINGW_INSTALL_DEBUG_MATHERR
                0x0000000140009690       0x10 c:/users/lenovo/downloads/mingw/bin/../lib/gcc/x86_64-w64-mingw32/11.2.0/../../../../x86_64-w64-mingw32/lib/../lib/crt2.o
                0x0000000140009690                .refptr._MINGW_INSTALL_DEBUG_MATHERR
 .rdata$.refptr.__CTOR_LIST__
                0x00000001400096a0       0x10 c:/users/lenovo/downloads/mingw/bin/../lib/gcc/x86_64-w64-mingw32/11.2.0/../../../../x86_64-w64-mingw32/lib/../lib/libmingw32.a(lib64_libmingw32_a-gccmain.o)
                0x00000001400096a0                .refptr.__CTOR_LIST__
 .rdata$.refptr.__RUNTIME_PSEUDO_RELOC_LIST_END__
                0x00000001400096b0       0x10 c:/users/lenovo/downloads/mingw/bin/../lib/gcc/x86_64-w64-mingw32/11.2.0/../../../../x86_64-w64-mingw32/lib/../lib/libmingw32.a(lib64_libmingw32_a-pseudo-reloc.o)
                0x00000001400096b0                .refptr.__RUNTIME_PSEUDO_RELOC_LIST_END__
 .rdata$.refptr.__RUNTIME_PSEUDO_RELOC_LIST__
                0x00000001400096c0       0x10 c:/users/lenovo/downloads/mingw/bin/../lib/gcc/x86_64-w64-mingw32/11.2.0/../../../../x86_64-w64-mingw32/lib/../lib/libmingw32.a(lib64_libmingw32_a-pseudo-reloc.o)
                0x00000001400096c0                .refptr.__RUNTIME_PSEUDO_RELOC_LIST__
 .rdata$.refptr.__dyn_tls_init_callback
                0x00000001400096d0       0x10 c:/users/lenovo/downloads/mingw/bin/../lib/gcc/x86_64-w64-mingw32/11.2.0/../../../../x86_64-w64-mingw32/lib/../lib/crt2.o
                0x00000001400096d0                .refptr.__dyn_tls_init_callback
 .rdata$.refptr.__image_base__
                0x00000001400096e0       0x10 c:/users/lenovo/downloads/mingw/bin/../lib/gcc/x86_64-w64-mingw32/11.2.0/../../../../x86_64-w64-mingw32/lib/../lib/crt2.o
                0x00000001400096e0                .refptr.__image_base__
 .rdata$.refptr.__imp___initenv
                0x00000001400096f0       0x10 c:/users/lenovo/downloads/mingw/bin/../lib/gcc/x86_64-w64-mingw32/11.2.0/../../../../x86_64-w64-mingw32/lib/../lib/crt2.o
                0x00000001400096f0                .refptr.__imp___initenv
 .rdata$.refptr.__imp__acmdln
                0x0000000140009700       0x10 c:/users/lenovo/downloads/mingw/bin/../lib/gcc/x86_64-w64-mingw32/11.2.0/../../../../x86_64-w64-mingw32/lib/../lib/libmsvcrt.a(lib64_libmsvcrt_os_a-__p__acmdln.o)
                0x0000000140009700                .refptr.__imp__acmdln
 .rdata$.refptr.__imp__commode
                0x0000000140009710       0x10 c:/users/lenovo/downloads/mingw/bin/../lib/gcc/x86_64-w64-mingw32/11.2.0/../../../../x86_64-w64-mingw32/lib/../lib/libmsvcrt.a(lib64_libmsvcrt_os_a-__p__commode.o)
                0x0000000140009710                .refptr.__imp__commode
 .rdata$.refptr.__imp__fmode
                0x0000000140009720       0x10 c:/users/lenovo/downloads/mingw/bin/../lib/gcc/x86_64-w64-mingw32/11.2.0/../../../../x86_64-w64-mingw32/lib/../lib/libmsvcrt.a(lib64_libmsvcrt_os_a-__p__fmode.o)
                0x0000000140009720                .refptr.__imp__fmode
 .rdata$.refptr.__mingw_oldexcpt_handler
                0x0000000140009730       0x10 c:/users/lenovo/downloads/mingw/bin/../lib/gcc/x86_64-w64-mingw32/11.2.0/../../../../x86_64-w64-mingw32/lib/../lib/crt2.o
                0x0000000140009730                .refptr.__mingw_oldexcpt_handler
 .rdata$.refptr.__native_startup_lock
                0x0000000140009740       0x10 c:/users/lenovo/downloads/mingw/bin/../lib/gcc/x86_64-w64-mingw32/11.2.0/../../../../x86_64-w64-mingw32/lib/../lib/crt2.o
                0x0000000140009740                .refptr.__native_startup_lock
 .rdata$.refptr.__native_startup_state
                0x0000000140009750       0x10 c:/users/lenovo/downloads/mingw/bin/../lib/gcc/x86_64-w64-mingw32/11.2.0/../../../../x86_64-w64-mingw32/lib/../lib/crt2.o
                0x0000000140009750                .refptr.__native_startup_state
 .rdata$.refptr.__tens_D2A
                0x0000000140009760       0x10 c:/users/lenovo/downloads/mingw/bin/../lib/gcc/x86_64-w64-mingw32/11.2.0/../../../../x86_64-w64-mingw32/lib/../lib/libmingwex.a(lib64_libmingwex_a-gdtoa.o)
                0x0000000140009760                .refptr.__tens_D2A
 .rdata$.refptr.__xc_a
                0x0000000140009770       0x10 c:/users/lenovo/downloads/mingw/bin/../lib/gcc/x86_64-w64-mingw32/11.2.0/../../../../x86_64-w64-mingw32/lib/../lib/crt2.o
                0x0000000140009770                .refptr.__xc_a
 .rdata$.refptr.__xc_z
                0x0000000140009780       0x10 c:/users/lenovo/downloads/mingw/bin/../lib/gcc/x86_64-w64-mingw32/11.2.0/../../../../x86_64-w64-mingw32/lib/../lib/crt2.o
                0x0000000140009780                .refptr.__xc_z
 .rdata$.refptr.__xi_a
                0x0000000140009790       0x10 c:/users/lenovo/downloads/mingw/bin/../lib/gcc/x86_64-w64-mingw32/11.2.0/../../../../x86_64-w64-mingw32/lib/../lib/crt2.o
                0x0000000140009790                .refptr.__xi_a
 .rdata$.refptr.__xi_z
                0x00000001400097a0       0x10 c:/users/lenovo/downloads/mingw/bin/../lib/gcc/x86_64-w64-mingw32/11.2.0/../../../../x86_64-w64-mingw32/lib/../lib/crt2.o
                0x00000001400097a0                .refptr.__xi_z
 .rdata$.refptr._commode
                0x00000001400097b0       0x10 c:/users/lenovo/downloads/mingw/bin/../lib/gcc/x86_64-w64-mingw32/11.2.0/../../../../x86_64-w64-mingw32/lib/../lib/crt2.o
                0x00000001400097b0                .refptr._commode
 .rdata$.refptr._dowildcard
                0x00000001400097c0       0x10 c:/users/lenovo/downloads/mingw/bin/../lib/gcc/x86_64-w64-mingw32/11.2.0/../../../../x86_64-w64-mingw32/lib/../lib/crt2.o
                0x00000001400097c0                .refptr._dowildcard
 .rdata$.refptr._fmode
                0x00000001400097d0       0x10 c:/users/lenovo/downloads/mingw/bin/../lib/gcc/x86_64-w64-mingw32/11.2.0/../../../../x86_64-w64-mingw32/lib/../lib/crt2.o
                0x00000001400097d0                .refptr._fmode
 .rdata$.refptr._gnu_exception_handler
                0x00000001400097e0       0x10 c:/users/lenovo/downloads/mingw/bin/../lib/gcc/x86_64-w64-mingw32/11.2.0/../../../../x86_64-w64-mingw32/lib/../lib/crt2.o
                0x00000001400097e0                .refptr._gnu_exception_handler
 .rdata$.refptr._matherr
                0x00000001400097f0       0x10 c:/users/lenovo/downloads/mingw/bin/../lib/gcc/x86_64-w64-mingw32/11.2.0/../../../../x86_64-w64-mingw32/lib/../lib/crt2.o
                0x00000001400097f0                .refptr._matherr
 .rdata$.refptr._newmode
                0x0000000140009800       0x10 c:/users/lenovo/downloads/mingw/bin/../lib/gcc/x86_64-w64-mingw32/11.2.0/../../../../x86_64-w64-mingw32/lib/../lib/crt2.o
                0x0000000140009800                .refptr._newmode
 .rdata$.refptr.mingw_app_type
                0x0000000140009810       0x10 c:/users/lenovo/downloads/mingw/bin/../lib/gcc/x86_64-w64-mingw32/11.2.0/../../../../x86_64-w64-mingw32/lib/../lib/crt2.o
                0x0000000140009810                .refptr.mingw_app_type
 .rdata$.refptr.mingw_initcharmax
                0x0000000140009820       0x10 c:/users/lenovo/downloads/mingw/bin/../lib/gcc/x86_64-w64-mingw32/11.2.0/../../../../x86_64-w64-mingw32/lib/../lib/crt2.o
                0x0000000140009820                .refptr.mingw_initcharmax
 .rdata$.refptr.mingw_initltsdrot_force
                0x0000000140009830       0x10 c:/users/lenovo/downloads/mingw/bin/../lib/gcc/x86_64-w64-mingw32/11.2.0/../../../../x86_64-w64-mingw32/lib/../lib/crt2.o
                0x0000000140009830                .refptr.mingw_initltsdrot_force
 .rdata$.refptr.mingw_initltsdyn_force
                0x0000000140009840       0x10 c:/users/lenovo/downloads/mingw/bin/../lib/gcc/x86_64-w64-mingw32/11.2.0/../../../../x86_64-w64-mingw32/lib/../lib/crt2.o
                0x0000000140009840                .refptr.mingw_initltsdyn_force
 .rdata$.refptr.mingw_initltssuo_force
                0x0000000140009850       0x10 c:/users/lenovo/downloads/mingw/bin/../lib/gcc/x86_64-w64-mingw32/11.2.0/../../../../x86_64-w64-mingw32/lib/../lib/crt2.o
                0x0000000140009850                .refptr.mingw_initltssuo_force
 .rdata$zzz     0x0000000140009860       0x20 c:/users/lenovo/downloads/mingw/bin/../lib/gcc/x86_64-w64-mingw32/11.2.0/../../../../x86_64-w64-mingw32/lib/../lib/crt2.o
 .rdata$zzz     0x0000000140009880       0x20 c:/users/lenovo/downloads/mingw/bin/../lib/gcc/x86_64-w64-mingw32/11.2.0/crtbegin.o
 .rdata$zzz     0x00000001400098a0       0x20 main.o
 .rdata$zzz     0x00000001400098c0       0x20 memory.o
 .rdata$zzz     0x00000001400098e0       0x20 c:/users/lenovo/downloads/mingw/bin/../lib/gcc/x86_64-w64-mingw32/11.2.0/../../../../x86_64-w64-mingw32/lib/../lib/libmingw32.a(lib64_libmingw32_a-gccmain.o)
 .rdata$zzz     0x0000000140009900       0x20 c:/users/lenovo/downloads/mingw/bin/../lib/gcc/x86_64-w64-mingw32/11.2.0/../../../../x86_64-w64-mingw32/lib/../lib/libmingw32.a(lib64_libmingw32_a-natstart.o)
 .rdata$zzz     0x0000000140009920       0x20 c:/users/lenovo/downloads/mingw/bin/../lib/gcc/x86_64-w64-mingw32/11.2.0/../../../../x86_64-w64-mingw32/lib/../lib/libmingw32.a(lib64_libmingw32_a-wildcard.o)
 .rdata$zzz     0x0000000140009940       0x20 c:/users/lenovo/downloads/mingw/bin/../lib/gcc/x86_64-w64-mingw32/11.2.0/../../../../x86_64-w64-mingw32/lib/../lib/libmingw32.a(lib64_libmingw32_a-charmax.o)
 .rdata$zzz     0x0000000140009960       0x20 c:/users/lenovo/downloads/mingw/bin/../lib/gcc/x86_64-w64-mingw32/11.2.0/../../../../x86_64-w64-mingw32/lib/../lib/libmingw32.a(lib64_libmingw32_a-dllargv.o)
 .rdata$zzz     0x0000000140009980       0x20 c:/users/lenovo/downloads/mingw/bin/../lib/gcc/x86_64-w64-mingw32/11.2.0/../../../../x86_64-w64-mingw32/lib/../lib/libmingw32.a(lib64_libmingw32_a-_newmode.o)
 .rdata$zzz     0x00000001400099a0       0x20 c:/users/lenovo/downloads/mingw/bin/../lib/gcc/x86_64-w64-mingw32/11.2.0/../../../../x86_64-w64-mingw32/lib/../lib/libmingw32.a(lib64_libmingw32_a-tlssup.o)
 .rdata$zzz     0x00000001400099c0       0x20 c:/users/lenovo/downloads/mingw/bin/../lib/gcc/x86_64-w64-mingw32/11.2.0/../../../../x86_64-w64-mingw32/lib/../lib/libmingw32.a(lib64_libmingw32_a-xncommod.o)
 .rdata$zzz     0x00000001400099e0       0x20 c:/users/lenovo/downloads/mingw/bin/../lib/gcc/x86_64-w64-mingw32/11.2.0/../../../../x86_64-w64-mingw32/lib/../lib/libmingw32.a(lib64_libmingw32_a-cinitexe.o)
 .rdata$zzz     0x0000000140009a00       0x20 c:/users/lenovo/downloads/mingw/bin/../lib/gcc/x86_64-w64-mingw32/11.2.0/../../../../x86_64-w64-mingw32/lib/../lib/libmingw32.a(lib64_libmingw32_a-merr.o)
 .rdata$zzz     0x0000000140009a20       0x20 c:/users/lenovo/downloads/mingw/bin/../lib/gcc/x86_64-w64-mingw32/11.2.0/../../../../x86_64-w64-mingw32/lib/../lib/libmingw32.a(lib64_libmingw32_a-CRT_fp10.o)
 .rdata$zzz     0x0000000140009a40       0x20 c:/users/lenovo/downloads/mingw/bin/../lib/gcc/x86_64-w64-mingw32/11.2.0/../../../../x86_64-w64-mingw32/lib/../lib/libmingw32.a(lib64_libmingw32_a-mingw_helpers.o)
 .rdata$zzz     0x0000000140009a60       0x20 c:/users/lenovo/downloads/mingw/bin/../lib/gcc/x86_64-w64-mingw32/11.2.0/../../../../x86_64-w64-mingw32/lib/../lib/libmingw32.a(lib64_libmingw32_a-pseudo-reloc.o)
 .rdata$zzz     0x0000000140009a80       0x20 c:/users/lenovo/downloads/mingw/bin/../lib/gcc/x86_64-w64-mingw32/11.2.0/../../../../x86_64-w64-mingw32/lib/../lib/libmingw32.a(lib64_libmingw32_a-usermatherr.o)
 .rdata$zzz     0x0000000140009aa0       0x20 c:/users/lenovo/downloads/mingw/bin/../lib/gcc/x86_64-w64-mingw32/11.2.0/../../../../x86_64-w64-mingw32/lib/../lib/libmingw32.a(lib64_libmingw32_a-xtxtmode.o)
 .rdata$zzz     0x0000000140009ac0       0x20 c:/users/lenovo/downloads/mingw/bin/../lib/gcc/x86_64-w64-mingw32/11.2.0/../../../../x86_64-w64-mingw32/lib/../lib/libmingw32.a(lib64_libmingw32_a-crt_handler.o)
 .rdata$zzz     0x0000000140009ae0       0x20 c:/users/lenovo/downloads/mingw/bin/../lib/gcc/x86_64-w64-mingw32/11.2.0/../../../../x86_64-w64-mingw32/lib/../lib/libmingw32.a(lib64_libmingw32_a-tlsthrd.o)
 .rdata$zzz     0x0000000140009b00       0x20 c:/users/lenovo/downloads/mingw/bin/../lib/gcc/x86_64-w64-mingw32/11.2.0/../../../../x86_64-w64-mingw32/lib/../lib/libmingw32.a(lib64_libmingw32_a-tlsmcrt.o)
 .rdata$zzz     0x0000000140009b20       0x20 c:/users/lenovo/downloads/mingw/bin/../lib/gcc/x86_64-w64-mingw32/11.2.0/../../../../x86_64-w64-mingw32/lib/../lib/libmingw32.a(lib64_libmingw32_a-pseudo-reloc-list.o)
 .rdata$zzz     0x0000000140009b40       0x20 c:/users/lenovo/downloads/mingw/bin/../lib/gcc/x86_64-w64-mingw32/11.2.0/../../../../x86_64-w64-mingw32/lib/../lib/libmingw32.a(lib64_libmingw32_a-pesect.o)
 .rdata$zzz     0x0000000140009b60       0x20 c:/users/lenovo/downloads/mingw/bin/../lib/gcc/x86_64-w64-mingw32/11.2.0/libgcc.a(_ctors.o)
 .rdata$zzz     0x0000000140009b80       0x20 c:/users/lenovo/downloads/mingw/bin/../lib/gcc/x86_64-w64-mingw32/11.2.0/../../../../x86_64-w64-mingw32/lib/../lib/libmingwex.a(lib64_libmingwex_a-mingw_matherr.o)
 .rdata$zzz     0x0000000140009ba0       0x20 c:/users/lenovo/downloads/mingw/bin/../lib/gcc/x86_64-w64-mingw32/11.2.0/../../../../x86_64-w64-mingw32/lib/../lib/libmingwex.a(lib64_libmingwex_a-mingw_vfprintf.o)
 .rdata$zzz     0x0000000140009bc0       0x20 c:/users/lenovo/downloads/mingw/bin/../lib/gcc/x86_64-w64-mingw32/11.2.0/../../../../x86_64-w64-mingw32/lib/../lib/libmingwex.a(lib64_libmingwex_a-mingw_pformat.o)
 .rdata$zzz     0x0000000140009be0       0x20 c:/users/lenovo/downloads/mingw/bin/../lib/gcc/x86_64-w64-mingw32/11.2.0/../../../../x86_64-w64-mingw32/lib/../lib/libmingwex.a(lib64_libmingwex_a-dmisc.o)
 .rdata$zzz     0x0000000140009c00       0x20 c:/users/lenovo/downloads/mingw/bin/../lib/gcc/x86_64-w64-mingw32/11.2.0/../../../../x86_64-w64-mingw32/lib/../lib/libmingwex.a(lib64_libmingwex_a-gdtoa.o)
 .rdata$zzz     0x0000000140009c20       0x20 c:/users/lenovo/downloads/mingw/bin/../lib/gcc/x86_64-w64-mingw32/11.2.0/../../../../x86_64-w64-mingw32/lib/../lib/libmingwex.a(lib64_libmingwex_a-gmisc.o)
 .rdata$zzz     0x0000000140009c40       0x20 c:/users/lenovo/downloads/mingw/bin/../lib/gcc/x86_64-w64-mingw32/11.2.0/../../../../x86_64-w64-mingw32/lib/../lib/libmingwex.a(lib64_libmingwex_a-misc.o)
 .rdata$zzz     0x0000000140009c60       0x20 c:/users/lenovo/downloads/mingw/bin/../lib/gcc/x86_64-w64-mingw32/11.2.0/../../../../x86_64-w64-mingw32/lib/../lib/libmingwex.a(lib64_libmingwex_a-strnlen.o)
 .rdata$zzz     0x0000000140009c80       0x20 c:/users/lenovo/downloads/mingw/bin/../lib/gcc/x86_64-w64-mingw32/11.2.0/../../../../x86_64-w64-mingw32/lib/../lib/libmingwex.a(lib64_libmingwex_a-wcsnlen.o)
 .rdata$zzz     0x0000000140009ca0       0x20 c:/users/lenovo/downloads/mingw/bin/../lib/gcc/x86_64-w64-mingw32/11.2.0/../../../../x86_64-w64-mingw32/lib/../lib/libmsvcrt.a(lib64_libmsvcrt_os_a-mbrtowc.o)
 .rdata$zzz     0x0000000140009cc0       0x20 c:/users/lenovo/downloads/mingw/bin/../lib/gcc/x86_64-w64-mingw32/11.2.0/../../../../x86_64-w64-mingw32/lib/../lib/libmsvcrt.a(lib64_libmsvcrt_os_a-wcrtomb.o)
 .rdata$zzz     0x0000000140009ce0       0x20 c:/users/lenovo/downloads/mingw/bin/../lib/gcc/x86_64-w64-mingw32/11.2.0/../../../../x86_64-w64-mingw32/lib/../lib/libmsvcrt.a(lib64_libmsvcrt_os_a-acrt_iob_func.o)
 .rdata$zzz     0x0000000140009d00       0x20 c:/users/lenovo/downloads/mingw/bin/../lib/gcc/x86_64-w64-mingw32/11.2.0/../../../../x86_64-w64-mingw32/lib/../lib/libmsvcrt.a(lib64_libmsvcrt_os_a-invalid_parameter_handler.o)
 .rdata$zzz     0x0000000140009d20       0x20 c:/users/lenovo/downloads/mingw/bin/../lib/gcc/x86_64-w64-mingw32/11.2.0/../../../../x86_64-w64-mingw32/lib/../lib/libmsvcrt.a(lib64_libmsvcrt_os_a-mingw_lock.o)
 .rdata$zzz     0x0000000140009d40       0x20 c:/users/lenovo/downloads/mingw/bin/../lib/gcc/x86_64-w64-mingw32/11.2.0/../../../../x86_64-w64-mingw32/lib/../lib/libmsvcrt.a(lib64_libmsvcrt_os_a-__p__acmdln.o)
 .rdata$zzz     0x0000000140009d60       0x20 c:/users/lenovo/downloads/mingw/bin/../lib/gcc/x86_64-w64-mingw32/11.2.0/../../../../x86_64-w64-mingw32/lib/../lib/libmsvcrt.a(lib64_libmsvcrt_os_a-__p__commode.o)
 .rdata$zzz     0x0000000140009d80       0x20 c:/users/lenovo/downloads/mingw/bin/../lib/gcc/x86_64-w64-mingw32/11.2.0/../../../../x86_64-w64-mingw32/lib/../lib/libmsvcrt.a(lib64_libmsvcrt_os_a-__p__fmode.o)
 .rdata$zzz     0x0000000140009da0       0x20 c:/users/lenovo/downloads/mingw/bin/../lib/gcc/x86_64-w64-mingw32/11.2.0/crtend.o
                0x0000000140009dc0                . = ALIGN (0x4)
                0x0000000140009dc0                __rt_psrelocs_start = .
 *(.rdata_runtime_pseudo_reloc)
                0x0000000140009dc0                __rt_psrelocs_end = .
                0x0000000000000000                __rt_psrelocs_size = (__rt_psrelocs_end - __rt_psrelocs_start)
                0x0000000140009dc0                ___RUNTIME_PSEUDO_RELOC_LIST_END__ = .
                0x0000000140009dc0                __RUNTIME_PSEUDO_RELOC_LIST_END__ = .
                0x0000000140009dc0                ___RUNTIME_PSEUDO_RELOC_LIST__ = (. - __rt_psrelocs_size)
                0x0000000140009dc0                __RUNTIME_PSEUDO_RELOC_LIST__ = (. - __rt_psrelocs_size)

.eh_frame
 *(.eh_frame*)

.pdata          0x000000014000a000      0x600
 *(.pdata*)
 .pdata         0x000000014000a000       0x54 c:/users/lenovo/downloads/mingw/bin/../lib/gcc/x86_64-w64-mingw32/11.2.0/../../../../x86_64-w64-mingw32/lib/../lib/crt2.o
 .pdata         0x000000014000a054       0x18 c:/users/lenovo/downloads/mingw/bin/../lib/gcc/x86_64-w64-mingw32/11.2.0/crtbegin.o
 .pdata         0x000000014000a06c       0x18 main.o
 .pdata         0x000000014000a084       0x3c memory.o
 .pdata         0x000000014000a0c0       0x24 c:/users/lenovo/downloads/mingw/bin/../lib/gcc/x86_64-w64-mingw32/11.2.0/../../../../x86_64-w64-mingw32/lib/../lib/libmingw32.a(lib64_libmingw32_a-gccmain.o)
 .pdata         0x000000014000a0e4        0xc c:/users/lenovo/downloads/mingw/bin/../lib/gcc/x86_64-w64-mingw32/11.2.0/../../../../x86_64-w64-mingw32/lib/../lib/libmingw32.a(lib64_libmingw32_a-charmax.o)
 .pdata         0x000000014000a0f0        0xc c:/users/lenovo/downloads/mingw/bin/../lib/gcc/x86_64-w64-mingw32/11.2.0/../../../../x86_64-w64-mingw32/lib/../lib/libmingw32.a(lib64_libmingw32_a-dllargv.o)
 .pdata         0x000000014000a0fc       0x24 c:/users/lenovo/downloads/mingw/bin/../lib/gcc/x86_64-w64-mingw32/11.2.0/../../../../x86_64-w64-mingw32/lib/../lib/libmingw32.a(lib64_libmingw32_a-tlssup.o)
 .pdata         0x000000014000a120        0xc c:/users/lenovo/downloads/mingw/bin/../lib/gcc/x86_64-w64-mingw32/11.2.0/../../../../x86_64-w64-mingw32/lib/../lib/libmingw32.a(lib64_libmingw32_a-merr.o)
 .pdata         0x000000014000a12c        0xc c:/users/lenovo/downloads/mingw/bin/../lib/gcc/x86_64-w64-mingw32/11.2.0/../../../../x86_64-w64-mingw32/lib/../lib/libmingw32.a(lib64_libmingw32_a-CRT_fp10.o)
 .pdata         0x000000014000a138       0x24 c:/users/lenovo/downloads/mingw/bin/../lib/gcc/x86_64-w64-mingw32/11.2.0/../../../../x86_64-w64-mingw32/lib/../lib/libmingw32.a(lib64_libmingw32_a-pseudo-reloc.o)
 .pdata         0x000000014000a15c       0x18 c:/users/lenovo/downloads/mingw/bin/../lib/gcc/x86_64-w64-mingw32/11.2.0/../../../../x86_64-w64-mingw32/lib/../lib/libmingw32.a(lib64_libmingw32_a-usermatherr.o)
 .pdata         0x000000014000a174        0xc c:/users/lenovo/downloads/mingw/bin/../lib/gcc/x86_64-w64-mingw32/11.2.0/../../../../x86_64-w64-mingw32/lib/../lib/libmingw32.a(lib64_libmingw32_a-crt_handler.o)
 .pdata         0x000000014000a180       0x30 c:/users/lenovo/downloads/mingw/bin/../lib/gcc/x86_64-w64-mingw32/11.2.0/../../../../x86_64-w64-mingw32/lib/../lib/libmingw32.a(lib64_libmingw32_a-tlsthrd.o)
 .pdata         0x000000014000a1b0       0x6c c:/users/lenovo/downloads/mingw/bin/../lib/gcc/x86_64-w64-mingw32/11.2.0/../../../../x86_64-w64-mingw32/lib/../lib/libmingw32.a(lib64_libmingw32_a-pesect.o)
 .pdata         0x000000014000a21c        0xc c:/users/lenovo/downloads/mingw/bin/../lib/gcc/x86_64-w64-mingw32/11.2.0/../../../../x86_64-w64-mingw32/lib/../lib/libmingwex.a(lib64_libmingwex_a-mingw_vfprintf.o)
 .pdata         0x000000014000a228       0xc0 c:/users/lenovo/downloads/mingw/bin/../lib/gcc/x86_64-w64-mingw32/11.2.0/../../../../x86_64-w64-mingw32/lib/../lib/libmingwex.a(lib64_libmingwex_a-mingw_pformat.o)
 .pdata         0x000000014000a2e8       0x30 c:/users/lenovo/downloads/mingw/bin/../lib/gcc/x86_64-w64-mingw32/11.2.0/../../../../x86_64-w64-mingw32/lib/../lib/libmingwex.a(lib64_libmingwex_a-dmisc.o)
 .pdata         0x000000014000a318        0xc c:/users/lenovo/downloads/mingw/bin/../lib/gcc/x86_64-w64-mingw32/11.2.0/../../../../x86_64-w64-mingw32/lib/../lib/libmingwex.a(lib64_libmingwex_a-gdtoa.o)
 .pdata         0x000000014000a324       0x18 c:/users/lenovo/downloads/mingw/bin/../lib/gcc/x86_64-w64-mingw32/11.2.0/../../../../x86_64-w64-mingw32/lib/../lib/libmingwex.a(lib64_libmingwex_a-gmisc.o)
 .pdata         0x000000014000a33c       0xa8 c:/users/lenovo/downloads/mingw/bin/../lib/gcc/x86_64-w64-mingw32/11.2.0/../../../../x86_64-w64-mingw32/lib/../lib/libmingwex.a(lib64_libmingwex_a-misc.o)
 .pdata         0x000000014000a3e4        0xc c:/users/lenovo/downloads/mingw/bin/../lib/gcc/x86_64-w64-mingw32/11.2.0/../../../../x86_64-w64-mingw32/lib/../lib/libmingwex.a(lib64_libmingwex_a-strnlen.o)
 .pdata         0x000000014000a3f0        0xc c:/users/lenovo/downloads/mingw/bin/../lib/gcc/x86_64-w64-mingw32/11.2.0/../../../../x86_64-w64-mingw32/lib/../lib/libmingwex.a(lib64_libmingwex_a-wcsnlen.o)
 .pdata         0x000000014000a3fc       0x30 c:/users/lenovo/downloads/mingw/bin/../lib/gcc/x86_64-w64-mingw32/11.2.0/../../../../x86_64-w64-mingw32/lib/../lib/libmsvcrt.a(lib64_libmsvcrt_os_a-mbrtowc.o)
 .pdata         0x000000014000a42c       0x24 c:/users/lenovo/downloads/mingw/bin/../lib/gcc/x86_64-w64-mingw32/11.2.0/../../../../x86_64-w64-mingw32/lib/../lib/libmsvcrt.a(lib64_libmsvcrt_os_a-wcrtomb.o)
 .pdata         0x000000014000a450        0xc c:/users/lenovo/downloads/mingw/bin/../lib/gcc/x86_64-w64-mingw32/11.2.0/../../../../x86_64-w64-mingw32/lib/../lib/libmsvcrt.a(lib64_libmsvcrt_os_a-acrt_iob_func.o)
 .pdata         0x000000014000a45c       0x18 c:/users/lenovo/downloads/mingw/bin/../lib/gcc/x86_64-w64-mingw32/11.2.0/../../../../x86_64-w64-mingw32/lib/../lib/libmsvcrt.a(lib64_libmsvcrt_os_a-invalid_parameter_handler.o)
 .pdata         0x000000014000a474       0x18 c:/users/lenovo/downloads/mingw/bin/../lib/gcc/x86_64-w64-mingw32/11.2.0/../../../../x86_64-w64-mingw32/lib/../lib/libmsvcrt.a(lib64_libmsvcrt_os_a-mingw_lock.o)
 .pdata         0x000000014000a48c        0xc c:/users/lenovo/downloads/mingw/bin/../lib/gcc/x86_64-w64-mingw32/11.2.0/../../../../x86_64-w64-mingw32/lib/../lib/libmsvcrt.a(lib64_libmsvcrt_os_a-__p__acmdln.o)
 .pdata         0x000000014000a498        0xc c:/users/lenovo/downloads/mingw/bin/../lib/gcc/x86_64-w64-mingw32/11.2.0/../../../../x86_64-w64-mingw32/lib/../lib/libmsvcrt.a(lib64_libmsvcrt_os_a-__p__commode.o)
 .pdata         0x000000014000a4a4        0xc c:/users/lenovo/downloads/mingw/bin/../lib/gcc/x86_64-w64-mingw32/11.2.0/../../../../x86_64-w64-mingw32/lib/../lib/libmsvcrt.a(lib64_libmsvcrt_os_a-__p__fmode.o)
 .pdata.startup
                0x000000014000a4b0        0xc c:/users/lenovo/downloads/mingw/bin/../lib/gcc/x86_64-w64-mingw32/11.2.0/crtend.o

.xdata          0x000000014000b000      0x600
 *(.xdata*)
 .xdata         0x000000014000b000       0x70 c:/users/lenovo/downloads/mingw/bin/../lib/gcc/x86_64-w64-mingw32/11.2.0/../../../../x86_64-w64-mingw32/lib/../lib/crt2.o
 .xdata         0x000000014000b070        0x8 c:/users/lenovo/downloads/mingw/bin/../lib/gcc/x86_64-w64-mingw32/11.2.0/crtbegin.o
 .xdata         0x000000014000b078       0x18 main.o
 .xdata         0x000000014000b090       0x34 memory.o
 .xdata         0x000000014000b0c4       0x18 c:/users/lenovo/downloads/mingw/bin/../lib/gcc/x86_64-w64-mingw32/11.2.0/../../../../x86_64-w64-mingw32/lib/../lib/libmingw32.a(lib64_libmingw32_a-gccmain.o)
 .xdata         0x000000014000b0dc        0x4 c:/users/lenovo/downloads/mingw/bin/../lib/gcc/x86_64-w64-mingw32/11.2.0/../../../../x86_64-w64-mingw32/lib/../lib/libmingw32.a(lib64_libmingw32_a-charmax.o)
 .xdata         0x000000014000b0e0        0x4 c:/users/lenovo/downloads/mingw/bin/../lib/gcc/x86_64-w64-mingw32/11.2.0/../../../../x86_64-w64-mingw32/lib/../lib/libmingw32.a(lib64_libmingw32_a-dllargv.o)
 .xdata         0x000000014000b0e4       0x18 c:/users/lenovo/downloads/mingw/bin/../lib/gcc/x86_64-w64-mingw32/11.2.0/../../../../x86_64-w64-mingw32/lib/../lib/libmingw32.a(lib64_libmingw32_a-tlssup.o)
 .xdata         0x000000014000b0fc       0x18 c:/users/lenovo/downloads/mingw/bin/../lib/gcc/x86_64-w64-mingw32/11.2.0/../../../../x86_64-w64-mingw32/lib/../lib/libmingw32.a(lib64_libmingw32_a-merr.o)
 .xdata         0x000000014000b114        0x4 c:/users/lenovo/downloads/mingw/bin/../lib/gcc/x86_64-w64-mingw32/11.2.0/../../../../x86_64-w64-mingw32/lib/../lib/libmingw32.a(lib64_libmingw32_a-CRT_fp10.o)
 .xdata         0x000000014000b118       0x30 c:/users/lenovo/downloads/mingw/bin/../lib/gcc/x86_64-w64-mingw32/11.2.0/../../../../x86_64-w64-mingw32/lib/../lib/libmingw32.a(lib64_libmingw32_a-pseudo-reloc.o)
 .xdata         0x000000014000b148        0xc c:/users/lenovo/downloads/mingw/bin/../lib/gcc/x86_64-w64-mingw32/11.2.0/../../../../x86_64-w64-mingw32/lib/../lib/libmingw32.a(lib64_libmingw32_a-usermatherr.o)
 .xdata         0x000000014000b154        0x8 c:/users/lenovo/downloads/mingw/bin/../lib/gcc/x86_64-w64-mingw32/11.2.0/../../../../x86_64-w64-mingw32/lib/../lib/libmingw32.a(lib64_libmingw32_a-crt_handler.o)
 .xdata         0x000000014000b15c       0x34 c:/users/lenovo/downloads/mingw/bin/../lib/gcc/x86_64-w64-mingw32/11.2.0/../../../../x86_64-w64-mingw32/lib/../lib/libmingw32.a(lib64_libmingw32_a-tlsthrd.o)
 .xdata         0x000000014000b190       0x2c c:/users/lenovo/downloads/mingw/bin/../lib/gcc/x86_64-w64-mingw32/11.2.0/../../../../x86_64-w64-mingw32/lib/../lib/libmingw32.a(lib64_libmingw32_a-pesect.o)
 .xdata         0x000000014000b1bc        0xc c:/users/lenovo/downloads/mingw/bin/../lib/gcc/x86_64-w64-mingw32/11.2.0/../../../../x86_64-w64-mingw32/lib/../lib/libmingwex.a(lib64_libmingwex_a-mingw_vfprintf.o)
 .xdata         0x000000014000b1c8       0xf4 c:/users/lenovo/downloads/mingw/bin/../lib/gcc/x86_64-w64-mingw32/11.2.0/../../../../x86_64-w64-mingw32/lib/../lib/libmingwex.a(lib64_libmingwex_a-mingw_pformat.o)
 .xdata         0x000000014000b2bc       0x30 c:/users/lenovo/downloads/mingw/bin/../lib/gcc/x86_64-w64-mingw32/11.2.0/../../../../x86_64-w64-mingw32/lib/../lib/libmingwex.a(lib64_libmingwex_a-dmisc.o)
 .xdata         0x000000014000b2ec       0x1c c:/users/lenovo/downloads/mingw/bin/../lib/gcc/x86_64-w64-mingw32/11.2.0/../../../../x86_64-w64-mingw32/lib/../lib/libmingwex.a(lib64_libmingwex_a-gdtoa.o)
 .xdata         0x000000014000b308       0x14 c:/users/lenovo/downloads/mingw/bin/../lib/gcc/x86_64-w64-mingw32/11.2.0/../../../../x86_64-w64-mingw32/lib/../lib/libmingwex.a(lib64_libmingwex_a-gmisc.o)
 .xdata         0x000000014000b31c       0xac c:/users/lenovo/downloads/mingw/bin/../lib/gcc/x86_64-w64-mingw32/11.2.0/../../../../x86_64-w64-mingw32/lib/../lib/libmingwex.a(lib64_libmingwex_a-misc.o)
 .xdata         0x000000014000b3c8        0x4 c:/users/lenovo/downloads/mingw/bin/../lib/gcc/x86_64-w64-mingw32/11.2.0/../../../../x86_64-w64-mingw32/lib/../lib/libmingwex.a(lib64_libmingwex_a-strnlen.o)
 .xdata         0x000000014000b3cc        0x4 c:/users/lenovo/downloads/mingw/bin/../lib/gcc/x86_64-w64-mingw32/11.2.0/../../../../x86_64-w64-mingw32/lib/../lib/libmingwex.a(lib64_libmingwex_a-wcsnlen.o)
 .xdata         0x000000014000b3d0       0x40 c:/users/lenovo/downloads/mingw/bin/../lib/gcc/x86_64-w64-mingw32/11.2.0/../../../../x86_64-w64-mingw32/lib/../lib/libmsvcrt.a(lib64_libmsvcrt_os_a-mbrtowc.o)
 .xdata         0x000000014000b410       0x28 c:/users/lenovo/downloads/mingw/bin/../lib/gcc/x86_64-w64-mingw32/11.2.0/../../../../x86_64-w64-mingw32/lib/../lib/libmsvcrt.a(lib64_libmsvcrt_os_a-wcrtomb.o)
 .xdata         0x000000014000b438        0x8 c:/users/lenovo/downloads/mingw/bin/../lib/gcc/x86_64-w64-mingw32/11.2.0/../../../../x86_64-w64-mingw32/lib/../lib/libmsvcrt.a(lib64_libmsvcrt_os_a-acrt_iob_func.o)
 .xdata         0x000000014000b440        0x8 c:/users/lenovo/downloads/mingw/bin/../lib/gcc/x86_64-w64-mingw32/11.2.0/../../../../x86_64-w64-mingw32/lib/../lib/libmsvcrt.a(lib64_libmsvcrt_os_a-invalid_parameter_handler.o)
 .xdata         0x000000014000b448       0x10 c:/users/lenovo/downloads/mingw/bin/../lib/gcc/x86_64-w64-mingw32/11.2.0/../../../../x86_64-w64-mingw32/lib/../lib/libmsvcrt.a(lib64_libmsvcrt_os_a-mingw_lock.o)
 .xdata         0x000000014000b458        0x4 c:/users/lenovo/downloads/mingw/bin/../lib/gcc/x86_64-w64-mingw32/11.2.0/../../../../x86_64-w64-mingw32/lib/../lib/libmsvcrt.a(lib64_libmsvcrt_os_a-__p__acmdln.o)
 .xdata         0x000000014000b45c        0x4 c:/users/lenovo/downloads/mingw/bin/../lib/gcc/x86_64-w64-mingw32/11.2.0/../../../../x86_64-w64-mingw32/lib/../lib/libmsvcrt.a(lib64_libmsvcrt_os_a-__p__commode.o)
 .xdata         0x000000014000b460        0x4 c:/users/lenovo/downloads/mingw/bin/../lib/gcc/x86_64-w64-mingw32/11.2.0/../../../../x86_64-w64-mingw32/lib/../lib/libmsvcrt.a(lib64_libmsvcrt_os_a-__p__fmode.o)
 .xdata.startup
                0x000000014000b464        0x4 c:/users/lenovo/downloads/mingw/bin/../lib/gcc/x86_64-w64-mingw32/11.2.0/crtend.o

.bss            0x000000014000c000      0xba0
                0x000000014000c000                __bss_start__ = .
 *(.bss)
 .bss           0x000000014000c000       0x40 c:/users/lenovo/downloads/mingw/bin/../lib/gcc/x86_64-w64-mingw32/11.2.0/../../../../x86_64-w64-mingw32/lib/../lib/crt2.o
                0x000000014000c000                __mingw_module_is_dll
                0x000000014000c008                __mingw_winmain_lpCmdLine
                0x000000014000c010                __mingw_winmain_hInstance
 .bss           0x000000014000c040        0x0 c:/users/lenovo/downloads/mingw/bin/../lib/gcc/x86_64-w64-mingw32/11.2.0/crtbegin.o
 .bss           0x000000014000c040       0x10 main.o
                0x000000014000c040                buffer
 .bss           0x000000014000c050        0x0 memory.o
 .bss           0x000000014000c050       0x10 c:/users/lenovo/downloads/mingw/bin/../lib/gcc/x86_64-w64-mingw32/11.2.0/../../../../x86_64-w64-mingw32/lib/../lib/libmingw32.a(lib64_libmingw32_a-gccmain.o)
 .bss           0x000000014000c060       0x10 c:/users/lenovo/downloads/mingw/bin/../lib/gcc/x86_64-w64-mingw32/11.2.0/../../../../x86_64-w64-mingw32/lib/../lib/libmingw32.a(lib64_libmingw32_a-natstart.o)
                0x000000014000c060                __native_startup_lock
                0x000000014000c068                __native_startup_state
 .bss           0x000000014000c070        0x0 c:/users/lenovo/downloads/mingw/bin/../lib/gcc/x86_64-w64-mingw32/11.2.0/../../../../x86_64-w64-mingw32/lib/../lib/libmingw32.a(lib64_libmingw32_a-wildcard.o)
 .bss           0x000000014000c070       0x10 c:/users/lenovo/downloads/mingw/bin/../lib/gcc/x86_64-w64-mingw32/11.2.0/../../../../x86_64-w64-mingw32/lib/../lib/libmingw32.a(lib64_libmingw32_a-charmax.o)
                0x000000014000c070                mingw_initcharmax
 .bss           0x000000014000c080        0x0 c:/users/lenovo/downloads/mingw/bin/../lib/gcc/x86_64-w64-mingw32/11.2.0/../../../../x86_64-w64-mingw32/lib/../lib/libmingw32.a(lib64_libmingw32_a-dllargv.o)
 .bss           0x000000014000c080       0x10 c:/users/lenovo/downloads/mingw/bin/../lib/gcc/x86_64-w64-mingw32/11.2.0/../../../../x86_64-w64-mingw32/lib/../lib/libmingw32.a(lib64_libmingw32_a-_newmode.o)
                0x000000014000c080                _newmode
 .bss           0x000000014000c090       0x10 c:/users/lenovo/downloads/mingw/bin/../lib/gcc/x86_64-w64-mingw32/11.2.0/../../../../x86_64-w64-mingw32/lib/../lib/libmingw32.a(lib64_libmingw32_a-tlssup.o)
                0x000000014000c090                mingw_initltssuo_force
                0x000000014000c094                mingw_initltsdyn_force
                0x000000014000c098                mingw_initltsdrot_force
                0x000000014000c09c                _tls_index
 .bss           0x000000014000c0a0       0x10 c:/users/lenovo/downloads/mingw/bin/../lib/gcc/x86_64-w64-mingw32/11.2.0/../../../../x86_64-w64-mingw32/lib/../lib/libmingw32.a(lib64_libmingw32_a-xncommod.o)
                0x000000014000c0a0                _commode
 .bss           0x000000014000c0b0        0x0 c:/users/lenovo/downloads/mingw/bin/../lib/gcc/x86_64-w64-mingw32/11.2.0/../../../../x86_64-w64-mingw32/lib/../lib/libmingw32.a(lib64_libmingw32_a-cinitexe.o)
 .bss           0x000000014000c0b0        0x0 c:/users/lenovo/downloads/mingw/bin/../lib/gcc/x86_64-w64-mingw32/11.2.0/../../../../x86_64-w64-mingw32/lib/../lib/libmingw32.a(lib64_libmingw32_a-merr.o)
 .bss           0x000000014000c0b0        0x0 c:/users/lenovo/downloads/mingw/bin/../lib/gcc/x86_64-w64-mingw32/11.2.0/../../../../x86_64-w64-mingw32/lib/../lib/libmingw32.a(lib64_libmingw32_a-CRT_fp10.o)
 .bss           0x000000014000c0b0       0x10 c:/users/lenovo/downloads/mingw/bin/../lib/gcc/x86_64-w64-mingw32/11.2.0/../../../../x86_64-w64-mingw32/lib/../lib/libmingw32.a(lib64_libmingw32_a-mingw_helpers.o)
                0x000000014000c0b0                mingw_app_type
 .bss           0x000000014000c0c0       0x10 c:/users/lenovo/downloads/mingw/bin/../lib/gcc/x86_64-w64-mingw32/11.2.0/../../../../x86_64-w64-mingw32/lib/../lib/libmingw32.a(lib64_libmingw32_a-pseudo-reloc.o)
 .bss           0x000000014000c0d0       0x10 c:/users/lenovo/downloads/mingw/bin/../lib/gcc/x86_64-w64-mingw32/11.2.0/../../../../x86_64-w64-mingw32/lib/../lib/libmingw32.a(lib64_libmingw32_a-usermatherr.o)
 .bss           0x000000014000c0e0       0x10 c:/users/lenovo/downloads/mingw/bin/../lib/gcc/x86_64-w64-mingw32/11.2.0/../../../../x86_64-w64-mingw32/lib/../lib/libmingw32.a(lib64_libmingw32_a-xtxtmode.o)
                0x000000014000c0e0                _fmode
 .bss           0x000000014000c0f0       0x10 c:/users/lenovo/downloads/mingw/bin/../lib/gcc/x86_64-w64-mingw32/11.2.0/../../../../x86_64-w64-mingw32/lib/../lib/libmingw32.a(lib64_libmingw32_a-crt_handler.o)
                0x000000014000c0f0                __mingw_oldexcpt_handler
 .bss           0x000000014000c100       0x60 c:/users/lenovo/downloads/mingw/bin/../lib/gcc/x86_64-w64-mingw32/11.2.0/../../../../x86_64-w64-mingw32/lib/../lib/libmingw32.a(lib64_libmingw32_a-tlsthrd.o)
 .bss           0x000000014000c160        0x0 c:/users/lenovo/downloads/mingw/bin/../lib/gcc/x86_64-w64-mingw32/11.2.0/../../../../x86_64-w64-mingw32/lib/../lib/libmingw32.a(lib64_libmingw32_a-tlsmcrt.o)
 .bss           0x000000014000c160       0x10 c:/users/lenovo/downloads/mingw/bin/../lib/gcc/x86_64-w64-mingw32/11.2.0/../../../../x86_64-w64-mingw32/lib/../lib/libmingw32.a(lib64_libmingw32_a-pseudo-reloc-list.o)
 .bss           0x000000014000c170        0x0 c:/users/lenovo/downloads/mingw/bin/../lib/gcc/x86_64-w64-mingw32/11.2.0/../../../../x86_64-w64-mingw32/lib/../lib/libmingw32.a(lib64_libmingw32_a-pesect.o)
 .bss           0x000000014000c170        0x0 c:/users/lenovo/downloads/mingw/bin/../lib/gcc/x86_64-w64-mingw32/11.2.0/libgcc.a(_chkstk_ms.o)
 .bss           0x000000014000c170       0x20 c:/users/lenovo/downloads/mingw/bin/../lib/gcc/x86_64-w64-mingw32/11.2.0/libgcc.a(_ctors.o)
 .bss           0x000000014000c190        0x0 c:/users/lenovo/downloads/mingw/bin/../lib/gcc/x86_64-w64-mingw32/11.2.0/../../../../x86_64-w64-mingw32/lib/../lib/libmingwex.a(lib64_libmingwex_a-mingw_matherr.o)
 .bss           0x000000014000c190        0x0 c:/users/lenovo/downloads/mingw/bin/../lib/gcc/x86_64-w64-mingw32/11.2.0/../../../../x86_64-w64-mingw32/lib/../lib/libmingwex.a(lib64_libmingwex_a-mingw_vfprintf.o)
 .bss           0x000000014000c190        0x0 c:/users/lenovo/downloads/mingw/bin/../lib/gcc/x86_64-w64-mingw32/11.2.0/../../../../x86_64-w64-mingw32/lib/../lib/libmingwex.a(lib64_libmingwex_a-mingw_pformat.o)
 .bss           0x000000014000c190        0x0 c:/users/lenovo/downloads/mingw/bin/../lib/gcc/x86_64-w64-mingw32/11.2.0/../../../../x86_64-w64-mingw32/lib/../lib/libmingwex.a(lib64_libmingwex_a-dmisc.o)
 .bss           0x000000014000c190        0x0 c:/users/lenovo/downloads/mingw/bin/../lib/gcc/x86_64-w64-mingw32/11.2.0/../../../../x86_64-w64-mingw32/lib/../lib/libmingwex.a(lib64_libmingwex_a-gdtoa.o)
 .bss           0x000000014000c190        0x0 c:/users/lenovo/downloads/mingw/bin/../lib/gcc/x86_64-w64-mingw32/11.2.0/../../../../x86_64-w64-mingw32/lib/../lib/libmingwex.a(lib64_libmingwex_a-gmisc.o)
 *fill*         0x000000014000c190       0x10 
 .bss           0x000000014000c1a0      0x9e0 c:/users/lenovo/downloads/mingw/bin/../lib/gcc/x86_64-w64-mingw32/11.2.0/../../../../x86_64-w64-mingw32/lib/../lib/libmingwex.a(lib64_libmingwex_a-misc.o)
 .bss           0x000000014000cb80        0x0 c:/users/lenovo/downloads/mingw/bin/../lib/gcc/x86_64-w64-mingw32/11.2.0/../../../../x86_64-w64-mingw32/lib/../lib/libmingwex.a(lib64_libmingwex_a-strnlen.o)
 .bss           0x000000014000cb80        0x0 c:/users/lenovo/downloads/mingw/bin/../lib/gcc/x86_64-w64-mingw32/11.2.0/../../../../x86_64-w64-mingw32/lib/../lib/libmingwex.a(lib64_libmingwex_a-wcsnlen.o)
 .bss           0x000000014000cb80        0x0 c:/users/lenovo/downloads/mingw/bin/../lib/gcc/x86_64-w64-mingw32/11.2.0/../../../../x86_64-w64-mingw32/lib/../lib/libmsvcrt.a(dwjts01285.o)
 .bss           0x000000014000cb80        0x0 c:/users/lenovo/downloads/mingw/bin/../lib/gcc/x86_64-w64-mingw32/11.2.0/../../../../x86_64-w64-mingw32/lib/../lib/libmsvcrt.a(dwjts01259.o)
 .bss           0x000000014000cb80        0x0 c:/users/lenovo/downloads/mingw/bin/../lib/gcc/x86_64-w64-mingw32/11.2.0/../../../../x86_64-w64-mingw32/lib/../lib/libmsvcrt.a(dwjts01224.o)
 .bss           0x000000014000cb80        0x0 c:/users/lenovo/downloads/mingw/bin/../lib/gcc/x86_64-w64-mingw32/11.2.0/../../../../x86_64-w64-mingw32/lib/../lib/libmsvcrt.a(dwjts01221.o)
 .bss           0x000000014000cb80        0x0 c:/users/lenovo/downloads/mingw/bin/../lib/gcc/x86_64-w64-mingw32/11.2.0/../../../../x86_64-w64-mingw32/lib/../lib/libmsvcrt.a(dwjts01219.o)
 .bss           0x000000014000cb80        0x0 c:/users/lenovo/downloads/mingw/bin/../lib/gcc/x86_64-w64-mingw32/11.2.0/../../../../x86_64-w64-mingw32/lib/../lib/libmsvcrt.a(dwjts01198.o)
 .bss           0x000000014000cb80        0x0 c:/users/lenovo/downloads/mingw/bin/../lib/gcc/x86_64-w64-mingw32/11.2.0/../../../../x86_64-w64-mingw32/lib/../lib/libmsvcrt.a(dwjts01168.o)
 .bss           0x000000014000cb80        0x0 c:/users/lenovo/downloads/mingw/bin/../lib/gcc/x86_64-w64-mingw32/11.2.0/../../../../x86_64-w64-mingw32/lib/../lib/libmsvcrt.a(dwjts01166.o)
 .bss           0x000000014000cb80        0x0 c:/users/lenovo/downloads/mingw/bin/../lib/gcc/x86_64-w64-mingw32/11.2.0/../../../../x86_64-w64-mingw32/lib/../lib/libmsvcrt.a(dwjts01158.o)
 .bss           0x000000014000cb80        0x0 c:/users/lenovo/downloads/mingw/bin/../lib/gcc/x86_64-w64-mingw32/11.2.0/../../../../x86_64-w64-mingw32/lib/../lib/libmsvcrt.a(dwjts01151.o)
 .bss           0x000000014000cb80        0x0 c:/users/lenovo/downloads/mingw/bin/../lib/gcc/x86_64-w64-mingw32/11.2.0/../../../../x86_64-w64-mingw32/lib/../lib/libmsvcrt.a(dwjts01110.o)
 .bss           0x000000014000cb80        0x0 c:/users/lenovo/downloads/mingw/bin/../lib/gcc/x86_64-w64-mingw32/11.2.0/../../../../x86_64-w64-mingw32/lib/../lib/libmsvcrt.a(dwjts01097.o)
 .bss           0x000000014000cb80        0x0 c:/users/lenovo/downloads/mingw/bin/../lib/gcc/x86_64-w64-mingw32/11.2.0/../../../../x86_64-w64-mingw32/lib/../lib/libmsvcrt.a(dwjts01092.o)